2026-09-01T07:05:53.540Z === Discovery run started 2026-09-01T07:05:53.540Z ===
2026-09-01T07:05:53.540Z [INFO] Discovery run date: 2026-09-01
2026-09-01T07:05:53.540Z [INFO] Using First Nations input file: data/first_nations_input.txt
2026-09-01T07:05:53.541Z [INFO] skip_municipalities=false
2026-09-01T07:05:53.776Z [INFO] Fetching municipalities seed page: https://www.amo.on.ca/about-us/municipal-101/ontario-municipalities
2026-09-01T07:05:54.142Z [INFO] Municipality candidates extracted: 443
2026-09-01T07:07:58.146Z [INFO] Municipality seed finalized: 443
2026-09-01T07:07:58.148Z [INFO] Processing municipality seeds: 443
2026-09-01T07:08:00.304Z [INFO] municipality:City of Barrie => jobs_source_type=html_list, confidence=0.8
2026-09-01T07:08:00.324Z [INFO] municipality:City of Brantford => jobs_source_type=html_list, confidence=0.8
2026-09-01T07:08:00.325Z [INFO] municipality:City of Burlington => jobs_source_type=ats_workday, confidence=1.0
2026-09-01T07:08:00.434Z [INFO] municipality:City of Belleville => jobs_source_type=html_list, confidence=0.8
2026-09-01T07:08:01.327Z [INFO] municipality:City of Cambridge => jobs_source_type=html_list, confidence=0.8
2026-09-01T07:08:01.452Z [INFO] municipality:City of Cornwall => jobs_source_type=html_list, confidence=0.8
2026-09-01T07:08:02.066Z [INFO] municipality:City of Chatham-Kent => jobs_source_type=html_list, confidence=0.8
2026-09-01T07:08:02.333Z [INFO] municipality:City of Dryden => jobs_source_type=ats_workday, confidence=1.0
2026-09-01T07:08:04.347Z [INFO] municipality:City of Brampton => jobs_source_type=html_list, confidence=0.8
2026-09-01T07:08:04.607Z [INFO] municipality:City of Elliot Lake => jobs_source_type=html_list, confidence=0.8
2026-09-01T07:08:05.929Z [INFO] municipality:City of Kawartha Lakes => jobs_source_type=ats_taleo, confidence=1.0
2026-09-01T07:08:06.534Z [INFO] municipality:City of Hamilton => jobs_source_type=html_list, confidence=0.8
2026-09-01T07:08:08.642Z [INFO] municipality:City of Kingston => jobs_source_type=html_list, confidence=0.8
2026-09-01T07:08:09.312Z [INFO] municipality:City of Kenora => jobs_source_type=ats_bamboohr, confidence=1.0
2026-09-01T07:08:10.124Z [INFO] municipality:City of Kitchener => jobs_source_type=html_list, confidence=0.8
2026-09-01T07:08:11.357Z [INFO] municipality:City of London => jobs_source_type=html_list, confidence=0.8
2026-09-01T07:08:13.709Z [INFO] municipality:City of Markham => jobs_source_type=html_list, confidence=0.8
2026-09-01T07:08:16.236Z [INFO] municipality:City of Niagara Falls => jobs_source_type=ats_workday, confidence=1.0
2026-09-01T07:08:17.280Z [INFO] municipality:City of North Bay => jobs_source_type=html_list, confidence=0.8
2026-09-01T07:08:18.294Z [INFO] municipality:City of Orillia => jobs_source_type=unknown, confidence=0.5
2026-09-01T07:08:19.535Z [INFO] municipality:City of Oshawa => jobs_source_type=html_list, confidence=0.8
2026-09-01T07:08:20.436Z [INFO] municipality:City of Clarence-Rockland => jobs_source_type=html_list, confidence=0.8
2026-09-01T07:08:22.457Z [INFO] municipality:City of Owen Sound => jobs_source_type=html_list, confidence=0.8
2026-09-01T07:08:23.469Z [INFO] municipality:City of Pembroke => jobs_source_type=html_list, confidence=0.8
2026-09-01T07:08:24.504Z [INFO] municipality:City of Peterborough => jobs_source_type=html_list, confidence=0.8
2026-09-01T07:08:25.520Z [INFO] municipality:City of Pickering => jobs_source_type=html_list, confidence=0.8
2026-09-01T07:08:27.621Z [INFO] municipality:City of Port Colborne => jobs_source_type=ats_workday, confidence=1.0
2026-09-01T07:08:46.272Z [INFO] Search fallback query "site:ottawa.ca careers" yielded 20 candidates.
2026-09-01T07:08:54.113Z [INFO] Search fallback query "site:www.quintewest.ca careers" yielded 21 candidates.
2026-09-01T07:09:05.100Z [INFO] Search fallback query "site:ottawa.ca employment opportunities" yielded 20 candidates.
2026-09-01T07:09:21.209Z [INFO] Search fallback query "City of Ottawa ontario municipality jobs" yielded 21 candidates.
2026-09-01T07:09:35.628Z [INFO] Search fallback query "site:www.quintewest.ca jobs" yielded 9 candidates.
2026-09-01T07:09:43.552Z [INFO] municipality:City of Mississauga => jobs_source_type=html_list, confidence=0.8
2026-09-01T07:09:48.676Z [INFO] municipality:City of Richmond Hill => jobs_source_type=html_list, confidence=0.8
2026-09-01T07:09:53.397Z [INFO] Search fallback query "site:www.quintewest.ca employment opportunities" yielded 9 candidates.
2026-09-01T07:10:09.834Z [INFO] Search fallback query "City of Quinte West ontario municipality jobs" yielded 19 candidates.
2026-09-01T07:10:14.921Z [INFO] municipality:City of Ottawa => jobs_source_type=html_list, confidence=0.8
2026-09-01T07:11:14.687Z [INFO] municipality:City of Brockville => jobs_source_type=html_list, confidence=0.8
2026-09-01T07:11:22.631Z [INFO] municipality:City of St Thomas => jobs_source_type=ats_dayforce, confidence=1.0
2026-09-01T07:11:23.651Z [INFO] municipality:City of St. Catharines => jobs_source_type=html_list, confidence=0.8
2026-09-01T07:11:28.679Z [INFO] municipality:City of Stratford => jobs_source_type=html_list, confidence=0.8
2026-09-01T07:11:30.690Z [INFO] municipality:City of Temiskaming Shores => jobs_source_type=html_list, confidence=0.8
2026-09-01T07:11:33.812Z [INFO] municipality:City of Thorold => jobs_source_type=html_list, confidence=0.8
2026-09-01T07:11:36.815Z [INFO] municipality:City of Thunder Bay => jobs_source_type=ats_icims, confidence=1.0
2026-09-01T07:11:39.312Z [INFO] municipality:City of Timmins => jobs_source_type=html_list, confidence=0.8
2026-09-01T07:12:03.829Z [INFO] municipality:City of Sarnia => jobs_source_type=html_list, confidence=0.8
2026-09-01T07:12:14.852Z [INFO] municipality:City of Quinte West => jobs_source_type=ats_dayforce, confidence=1.0
2026-09-01T07:12:21.831Z [INFO] municipality:City of Guelph => jobs_source_type=ats_icims, confidence=1.0
2026-09-01T07:12:37.993Z [INFO] municipality:City of Vaughan => jobs_source_type=manual_review, confidence=0.0
2026-09-01T07:12:39.029Z [INFO] municipality:City of Windsor => jobs_source_type=html_list, confidence=0.8
2026-09-01T07:12:40.884Z [INFO] municipality:City of Welland => jobs_source_type=html_list, confidence=0.8
2026-09-01T07:12:42.280Z [INFO] municipality:County of Brant => jobs_source_type=html_list, confidence=0.8
2026-09-01T07:12:46.738Z [INFO] municipality:County of Bruce => jobs_source_type=html_list, confidence=0.8
2026-09-01T07:12:48.975Z [INFO] municipality:City of Waterloo => jobs_source_type=manual_review, confidence=0.0
2026-09-01T07:13:07.263Z [INFO] municipality:City of Woodstock => jobs_source_type=html_list, confidence=0.8
2026-09-01T07:13:08.269Z [INFO] municipality:County of Essex => jobs_source_type=ats_workday, confidence=1.0
2026-09-01T07:13:10.327Z [INFO] municipality:County of Grey => jobs_source_type=ats_dayforce, confidence=1.0
2026-09-01T07:13:37.522Z [INFO] municipality:County of Haliburton => jobs_source_type=html_list, confidence=0.8
2026-09-01T07:13:54.029Z [INFO] municipality:County of Dufferin => jobs_source_type=manual_review, confidence=0.0
2026-09-01T07:14:00.243Z [INFO] municipality:City of Sault Ste Marie => jobs_source_type=html_list, confidence=0.8
2026-09-01T07:14:14.784Z [INFO] municipality:County of Hastings => jobs_source_type=manual_review, confidence=0.0
2026-09-01T07:15:00.075Z [INFO] municipality:County of Lambton => jobs_source_type=html_list, confidence=0.8
2026-09-01T07:15:15.169Z [INFO] municipality:County of Lanark => jobs_source_type=manual_review, confidence=0.0
2026-09-01T07:15:16.185Z [INFO] municipality:County of Middlesex => jobs_source_type=html_list, confidence=0.8
2026-09-01T07:16:03.089Z [INFO] municipality:County of Huron => jobs_source_type=html_list, confidence=0.8
2026-09-01T07:16:04.183Z [INFO] municipality:County of Oxford => jobs_source_type=html_list, confidence=0.8
2026-09-01T07:16:09.195Z [INFO] municipality:County of Perth => jobs_source_type=html_list, confidence=0.8
2026-09-01T07:16:10.214Z [INFO] municipality:County of Peterborough => jobs_source_type=html_list, confidence=0.8
2026-09-01T07:16:37.705Z [INFO] municipality:County of Elgin => jobs_source_type=ats_dayforce, confidence=1.0
2026-09-01T07:16:38.319Z [INFO] municipality:County of Renfrew => jobs_source_type=html_list, confidence=0.8
2026-09-01T07:16:40.348Z [INFO] municipality:County of Simcoe => jobs_source_type=html_list, confidence=0.8
2026-09-01T07:16:46.007Z [INFO] municipality:County of Northumberland => jobs_source_type=manual_review, confidence=0.0
2026-09-01T07:16:47.271Z [INFO] municipality:Haldimand County => jobs_source_type=html_list, confidence=0.8
2026-09-01T07:17:06.515Z [INFO] municipality:County of Wellington => jobs_source_type=html_list, confidence=0.8
2026-09-01T07:17:08.532Z [INFO] municipality:Municipality of Arran Elderslie => jobs_source_type=html_list, confidence=0.8
2026-09-01T07:17:16.445Z [INFO] municipality:Leeds & Grenville => jobs_source_type=html_list, confidence=0.8
2026-09-01T07:17:37.688Z [INFO] municipality:Municipality of Bayham => jobs_source_type=html_list, confidence=0.8
2026-09-01T07:17:43.524Z [INFO] municipality:Municipality of Billings => jobs_source_type=html_list, confidence=0.8
2026-09-01T07:17:49.001Z [INFO] municipality:City of Toronto => jobs_source_type=html_list, confidence=0.8
2026-09-01T07:17:50.021Z [INFO] municipality:Municipality of Brockton => jobs_source_type=html_list, confidence=0.8
2026-09-01T07:18:04.742Z [INFO] municipality:Municipality of Bluewater => jobs_source_type=html_list, confidence=0.8
2026-09-01T07:18:11.727Z [INFO] municipality:Municipality of Brighton => jobs_source_type=html_list, confidence=0.8
2026-09-01T07:18:27.283Z [INFO] municipality:Municipality of Brooke-Alvinston => jobs_source_type=manual_review, confidence=0.0
2026-09-01T07:18:40.166Z [INFO] municipality:Municipality of Casselman => jobs_source_type=html_list, confidence=0.8
2026-09-01T07:18:45.915Z [INFO] municipality:City of Greater Sudbury => jobs_source_type=manual_review, confidence=0.0
2026-09-01T07:18:46.927Z [INFO] municipality:Municipality of Central Manitoulin => jobs_source_type=html_list, confidence=0.8
2026-09-01T07:18:49.011Z [INFO] municipality:Municipality of Centre Hastings => jobs_source_type=html_list, confidence=0.8
2026-09-01T07:18:55.474Z [INFO] municipality:Municipality of Central Elgin => jobs_source_type=html_list, confidence=0.8
2026-09-01T07:18:56.734Z [INFO] municipality:Municipality of Clarington => jobs_source_type=html_list, confidence=0.8
2026-09-01T07:19:25.471Z [INFO] municipality:Municipality of Dutton/Dunwich => jobs_source_type=html_list, confidence=0.8
2026-09-01T07:19:27.491Z [INFO] municipality:Municipality of Dysart et al => jobs_source_type=html_list, confidence=0.8
2026-09-01T07:19:29.248Z [INFO] municipality:Municipality of Charlton and Dack => jobs_source_type=manual_review, confidence=0.0
2026-09-01T07:19:42.423Z [INFO] municipality:Municipality of French River => jobs_source_type=html_list, confidence=0.8
2026-09-01T07:19:53.797Z [INFO] municipality:Frontenac => jobs_source_type=html_list, confidence=0.8
2026-09-01T07:19:55.811Z [INFO] municipality:Municipality of Greenstone => jobs_source_type=html_list, confidence=0.8
2026-09-01T07:19:56.826Z [INFO] municipality:Municipality of Grey Highlands => jobs_source_type=html_list, confidence=0.8
2026-09-01T07:20:04.763Z [INFO] municipality:Municipality of East Ferris => jobs_source_type=manual_review, confidence=0.0
2026-09-01T07:20:12.297Z [INFO] municipality:Municipality of Gordon/Barrie Island => jobs_source_type=unknown, confidence=0.5
2026-09-01T07:20:17.318Z [INFO] municipality:Municipality of Huron East => jobs_source_type=html_list, confidence=0.8
2026-09-01T07:20:25.021Z [INFO] municipality:Municipality of Hastings Highlands => jobs_source_type=html_list, confidence=0.8
2026-09-01T07:20:32.987Z [INFO] municipality:Municipality of Highlands East => jobs_source_type=html_list, confidence=0.8
2026-09-01T07:20:56.653Z [INFO] municipality:Municipality of Killarney => jobs_source_type=unknown, confidence=0.5
2026-09-01T07:20:58.666Z [INFO] municipality:Municipality of Lambton Shores => jobs_source_type=html_list, confidence=0.8
2026-09-01T07:20:59.678Z [INFO] municipality:Municipality of Leamington => jobs_source_type=html_list, confidence=0.8
2026-09-01T07:21:29.414Z [INFO] municipality:Municipality of Magnetawan => jobs_source_type=unknown, confidence=0.5
2026-09-01T07:23:12.857Z [INFO] municipality:Municipality of Huron Shores => jobs_source_type=html_list, confidence=0.8
2026-09-01T07:23:39.904Z [INFO] municipality:Municipality of Marmora and Lake => jobs_source_type=html_list, confidence=0.8
2026-09-01T07:23:40.460Z [INFO] municipality:Municipality of Markstay-Warren => jobs_source_type=html_list, confidence=0.8
2026-09-01T07:23:43.495Z [INFO] municipality:Municipality of Mississippi Mills => jobs_source_type=html_list, confidence=0.8
2026-09-01T07:24:12.470Z [INFO] municipality:Municipality of Morris-Turnberry => jobs_source_type=unknown, confidence=0.5
2026-09-01T07:24:13.488Z [INFO] municipality:Municipality of Neebing => jobs_source_type=html_list, confidence=0.8
2026-09-01T07:24:15.151Z [INFO] municipality:Municipality of North Grenville => jobs_source_type=html_list, confidence=0.8
2026-09-01T07:24:57.010Z [INFO] municipality:County of Lennox and Addington => jobs_source_type=manual_review, confidence=0.0
2026-09-01T07:24:58.029Z [INFO] municipality:Municipality of North Perth => jobs_source_type=html_list, confidence=0.8
2026-09-01T07:25:01.047Z [INFO] municipality:Municipality of Northern Bruce Peninsula => jobs_source_type=html_list, confidence=0.8
2026-09-01T07:26:01.154Z [INFO] municipality:Municipality of Oliver Paipoonge => jobs_source_type=manual_review, confidence=0.0
2026-09-01T07:26:03.261Z [INFO] municipality:Municipality of Port Hope => jobs_source_type=html_list, confidence=0.8
2026-09-01T07:26:43.908Z [INFO] municipality:Municipality of Powassan => jobs_source_type=manual_review, confidence=0.0
2026-09-01T07:26:52.293Z [INFO] municipality:Municipality of Meaford => jobs_source_type=html_list, confidence=0.8
2026-09-01T07:27:11.965Z [INFO] municipality:Municipality of Red Lake => jobs_source_type=html_list, confidence=0.8
2026-09-01T07:27:22.098Z [INFO] municipality:Municipality of Sioux Lookout => jobs_source_type=html_list, confidence=0.8
2026-09-01T07:27:59.230Z [INFO] municipality:Municipality of South Bruce => jobs_source_type=manual_review, confidence=0.0
2026-09-01T07:28:06.204Z [INFO] municipality:Municipality of Callander => jobs_source_type=manual_review, confidence=0.0
2026-09-01T07:28:08.224Z [INFO] municipality:Municipality of South Huron => jobs_source_type=html_list, confidence=0.8
2026-09-01T07:28:10.243Z [INFO] municipality:Municipality of Southwest Middlesex => jobs_source_type=unknown, confidence=0.5
2026-09-01T07:28:23.981Z [INFO] municipality:Municipality of Shuniah => jobs_source_type=html_list, confidence=0.8
2026-09-01T07:28:27.308Z [INFO] municipality:Municipality of South Dundas => jobs_source_type=html_list, confidence=0.8
2026-09-01T07:28:30.321Z [INFO] municipality:Municipality of Thames Centre => jobs_source_type=html_list, confidence=0.8
2026-09-01T07:28:32.443Z [INFO] municipality:Municipality of The Nation => jobs_source_type=html_list, confidence=0.8
2026-09-01T07:28:35.458Z [INFO] municipality:Municipality of Trent Hills => jobs_source_type=html_list, confidence=0.8
2026-09-01T07:28:47.504Z [INFO] municipality:Municipality of St. Charles => jobs_source_type=manual_review, confidence=0.0
2026-09-01T07:28:52.220Z [INFO] municipality:Municipality of Temagami => jobs_source_type=html_list, confidence=0.8
2026-09-01T07:29:03.700Z [INFO] municipality:Municipality of Trent Lakes => jobs_source_type=html_list, confidence=0.8
2026-09-01T07:29:06.235Z [INFO] municipality:Municipality of Wawa => jobs_source_type=html_list, confidence=0.8
2026-09-01T07:29:07.368Z [INFO] municipality:Municipality of West Grey => jobs_source_type=html_list, confidence=0.8
2026-09-01T07:29:13.618Z [INFO] municipality:Municipality of West Nipissing => jobs_source_type=unknown, confidence=0.5
2026-09-01T07:29:18.636Z [INFO] municipality:Municipality of West Perth => jobs_source_type=html_list, confidence=0.8
2026-09-01T07:29:24.948Z [INFO] municipality:Municipality of Tweed => jobs_source_type=manual_review, confidence=0.0
2026-09-01T07:29:27.075Z [INFO] municipality:Norfolk County => jobs_source_type=html_list, confidence=0.8
2026-09-01T07:29:31.930Z [INFO] municipality:Municipality of West Elgin => jobs_source_type=html_list, confidence=0.8
2026-09-01T07:29:33.945Z [INFO] municipality:Regional Municipality of Durham => jobs_source_type=html_list, confidence=0.8
2026-09-01T07:29:36.058Z [INFO] municipality:Regional Municipality of Halton => jobs_source_type=html_list, confidence=0.8
2026-09-01T07:29:37.079Z [INFO] municipality:Regional Municipality of Niagara => jobs_source_type=unknown, confidence=0.5
2026-09-01T07:29:38.810Z [INFO] municipality:Regional Municipality of Peel => jobs_source_type=ats_workday, confidence=1.0
2026-09-01T07:29:40.937Z [INFO] municipality:Regional Municipality of Waterloo => jobs_source_type=html_list, confidence=0.8
2026-09-01T07:29:43.051Z [INFO] municipality:Regional Municipality of York => jobs_source_type=html_list, confidence=0.8
2026-09-01T07:29:44.063Z [INFO] municipality:Separated Town of Smiths Falls => jobs_source_type=html_list, confidence=0.8
2026-09-01T07:29:46.134Z [INFO] municipality:The District of Muskoka => jobs_source_type=html_list, confidence=0.8
2026-09-01T07:29:47.194Z [INFO] municipality:Municipality of Whitestone => jobs_source_type=html_list, confidence=0.8
2026-09-01T07:29:48.327Z [INFO] municipality:Town of Amherstburg => jobs_source_type=html_list, confidence=0.8
2026-09-01T07:29:52.339Z [INFO] municipality:Town of Arnprior => jobs_source_type=html_list, confidence=0.8
2026-09-01T07:30:30.148Z [INFO] municipality:Municipality of Kincardine => jobs_source_type=manual_review, confidence=0.0
2026-09-01T07:32:05.315Z [INFO] municipality:Prince Edward County => jobs_source_type=html_list, confidence=0.8
2026-09-01T07:32:13.279Z [INFO] municipality:Town of Ajax => jobs_source_type=html_list, confidence=0.8
2026-09-01T07:32:15.291Z [INFO] municipality:Town of Blind River => jobs_source_type=html_list, confidence=0.8
2026-09-01T07:32:16.304Z [INFO] municipality:Town of Bracebridge => jobs_source_type=html_list, confidence=0.8
2026-09-01T07:32:18.320Z [INFO] municipality:Town of Bradford West Gwillimbury => jobs_source_type=html_list, confidence=0.8
2026-09-01T07:32:18.370Z [INFO] municipality:Town of Aylmer => jobs_source_type=html_list, confidence=0.8
2026-09-01T07:32:20.261Z [INFO] municipality:Town of Caledon => jobs_source_type=unknown, confidence=0.5
2026-09-01T07:32:22.994Z [INFO] municipality:Town of Carleton Place => jobs_source_type=html_list, confidence=0.8
2026-09-01T07:32:42.562Z [INFO] municipality:Town of Bancroft => jobs_source_type=manual_review, confidence=0.0
2026-09-01T07:32:45.713Z [INFO] municipality:Town of Cobourg => jobs_source_type=html_list, confidence=0.8
2026-09-01T07:34:08.757Z [INFO] municipality:Town of Cobalt => jobs_source_type=html_list, confidence=0.8
2026-09-01T07:34:12.923Z [INFO] municipality:Town of Collingwood => jobs_source_type=html_list, confidence=0.8
2026-09-01T07:34:18.779Z [INFO] municipality:Town of Deep River => jobs_source_type=unknown, confidence=0.5
2026-09-01T07:34:46.994Z [INFO] municipality:Town of Deseronto => jobs_source_type=html_list, confidence=0.8
2026-09-01T07:34:49.088Z [INFO] municipality:Town of East Gwillimbury => jobs_source_type=html_list, confidence=0.8
2026-09-01T07:35:02.490Z [INFO] municipality:Town of Englehart => jobs_source_type=html_list, confidence=0.8
2026-09-01T07:35:03.602Z [INFO] municipality:Town of Erin => jobs_source_type=unknown, confidence=0.5
2026-09-01T07:35:14.073Z [INFO] municipality:Town of Cochrane => jobs_source_type=html_list, confidence=0.8
2026-09-01T07:35:15.088Z [INFO] municipality:Town of Essex => jobs_source_type=unknown, confidence=0.5
2026-09-01T07:35:18.236Z [INFO] municipality:Town of Fort Erie => jobs_source_type=html_list, confidence=0.8
2026-09-01T07:35:20.060Z [INFO] municipality:Town of Espanola => jobs_source_type=html_list, confidence=0.8
2026-09-01T07:35:21.346Z [INFO] municipality:Town of Fort Frances => jobs_source_type=html_list, confidence=0.8
2026-09-01T07:35:23.592Z [INFO] municipality:Town of Georgina => jobs_source_type=html_list, confidence=0.8
2026-09-01T07:35:49.755Z [INFO] municipality:Town of Gananoque => jobs_source_type=html_list, confidence=0.8
2026-09-01T07:35:52.066Z [INFO] municipality:Town of Goderich => jobs_source_type=html_list, confidence=0.8
2026-09-01T07:35:53.801Z [INFO] municipality:Town of Gore Bay => jobs_source_type=html_list, confidence=0.8
2026-09-01T07:35:56.816Z [INFO] municipality:Town of Gravenhurst => jobs_source_type=html_list, confidence=0.8
2026-09-01T07:35:57.827Z [INFO] municipality:Town of Greater Napanee => jobs_source_type=html_list, confidence=0.8
2026-09-01T07:35:58.076Z [INFO] municipality:Town of Grand Valley => jobs_source_type=html_list, confidence=0.8
2026-09-01T07:35:58.951Z [INFO] municipality:Town of Grimsby => jobs_source_type=html_list, confidence=0.8
2026-09-01T07:35:59.174Z [INFO] municipality:Town of Halton Hills => jobs_source_type=html_list, confidence=0.8
2026-09-01T07:36:01.080Z [INFO] municipality:Town of Hanover => jobs_source_type=html_list, confidence=0.8
2026-09-01T07:36:02.391Z [INFO] municipality:Town of Hawkesbury => jobs_source_type=html_list, confidence=0.8
2026-09-01T07:36:37.502Z [INFO] municipality:Town of Huntsville => jobs_source_type=manual_review, confidence=0.0
2026-09-01T07:36:39.568Z [INFO] municipality:Town of Ingersoll => jobs_source_type=html_list, confidence=0.8
2026-09-01T07:36:42.115Z [INFO] municipality:Town of Innisfil => jobs_source_type=html_list, confidence=0.8
2026-09-01T07:36:44.126Z [INFO] municipality:Town of Iroquois Falls => jobs_source_type=html_list, confidence=0.8
2026-09-01T07:36:55.516Z [INFO] municipality:Municipality of Central Huron => jobs_source_type=manual_review, confidence=0.0
2026-09-01T07:37:15.379Z [INFO] municipality:Town of Kapuskasing => jobs_source_type=html_list, confidence=0.8
2026-09-01T07:37:19.527Z [INFO] municipality:Town of Kingsville => jobs_source_type=html_list, confidence=0.8
2026-09-01T07:37:22.140Z [INFO] municipality:Town of Kirkland Lake => jobs_source_type=html_list, confidence=0.8
2026-09-01T07:37:23.147Z [INFO] municipality:Town of Lakeshore => jobs_source_type=ats_dayforce, confidence=1.0
2026-09-01T07:37:24.160Z [INFO] municipality:Town of LaSalle => jobs_source_type=html_list, confidence=0.8
2026-09-01T07:37:52.192Z [INFO] municipality:Town of Latchford => jobs_source_type=html_list, confidence=0.8
2026-09-01T07:37:53.441Z [INFO] municipality:Town of Laurentian Hills => jobs_source_type=unknown, confidence=0.5
2026-09-01T07:38:00.380Z [INFO] municipality:Town of Kearney => jobs_source_type=manual_review, confidence=0.0
2026-09-01T07:38:02.393Z [INFO] municipality:Town of Marathon => jobs_source_type=html_list, confidence=0.8
2026-09-01T07:38:30.752Z [INFO] municipality:Town of Mattawa => jobs_source_type=html_list, confidence=0.8
2026-09-01T07:38:31.764Z [INFO] municipality:Town of Midland => jobs_source_type=html_list, confidence=0.8
2026-09-01T07:38:33.902Z [INFO] municipality:Town of Milton => jobs_source_type=ats_workday, confidence=1.0
2026-09-01T07:38:57.169Z [INFO] municipality:Town of Minto => jobs_source_type=html_list, confidence=0.8
2026-09-01T07:39:00.198Z [INFO] municipality:Town of Mono => jobs_source_type=html_list, confidence=0.8
2026-09-01T07:39:39.159Z [INFO] municipality:Town of Lincoln => jobs_source_type=html_list, confidence=0.8
2026-09-01T07:39:49.387Z [INFO] municipality:Town of Aurora => jobs_source_type=manual_review, confidence=0.0
2026-09-01T07:39:52.962Z [INFO] municipality:Town of Hearst => jobs_source_type=html_list, confidence=0.8
2026-09-01T07:39:53.522Z [INFO] municipality:Town of Newmarket => jobs_source_type=html_list, confidence=0.8
2026-09-01T07:40:21.865Z [INFO] municipality:Town of Northeastern Manitoulin and The Islands => jobs_source_type=html_list, confidence=0.8
2026-09-01T07:40:35.379Z [INFO] municipality:Town of Bruce Mines => jobs_source_type=html_list, confidence=0.8
2026-09-01T07:40:39.586Z [INFO] municipality:Town of Orangeville => jobs_source_type=ats_dayforce, confidence=1.0
2026-09-01T07:40:45.602Z [INFO] municipality:Town of Parry Sound => jobs_source_type=html_list, confidence=0.8
2026-09-01T07:40:46.616Z [INFO] municipality:Town of Pelham => jobs_source_type=html_list, confidence=0.8
2026-09-01T07:41:14.689Z [INFO] municipality:Town of Penetanguishene => jobs_source_type=html_list, confidence=0.8
2026-09-01T07:41:19.705Z [INFO] municipality:Town of Perth => jobs_source_type=html_list, confidence=0.8
2026-09-01T07:41:45.709Z [INFO] municipality:Town of Niagara-on-the-Lake => jobs_source_type=manual_review, confidence=0.0
2026-09-01T07:42:23.149Z [INFO] municipality:Town of Moosonee => jobs_source_type=html_list, confidence=0.8
2026-09-01T07:42:24.160Z [INFO] municipality:Town of Plympton-Wyoming => jobs_source_type=html_list, confidence=0.8
2026-09-01T07:42:50.899Z [INFO] municipality:Town of New Tecumseth => jobs_source_type=manual_review, confidence=0.0
2026-09-01T07:42:52.212Z [INFO] municipality:Town of Prescott => jobs_source_type=html_list, confidence=0.8
2026-09-01T07:43:20.108Z [INFO] municipality:Town of Renfrew => jobs_source_type=html_list, confidence=0.8
2026-09-01T07:43:21.143Z [INFO] municipality:Town of Saugeen Shores => jobs_source_type=html_list, confidence=0.8
2026-09-01T07:43:22.155Z [INFO] municipality:Town of Shelburne => jobs_source_type=html_list, confidence=0.8
2026-09-01T07:43:25.041Z [INFO] municipality:Municipality of North Middlesex => jobs_source_type=manual_review, confidence=0.0
2026-09-01T07:43:32.035Z [INFO] municipality:Town of Rainy River => jobs_source_type=manual_review, confidence=0.0
2026-09-01T07:43:33.047Z [INFO] municipality:Town of St. Marys => jobs_source_type=html_list, confidence=0.8
2026-09-01T07:43:38.222Z [INFO] municipality:Town of Tecumseh => jobs_source_type=ats_dayforce, confidence=1.0
2026-09-01T07:43:38.773Z [INFO] municipality:Town of Petrolia => jobs_source_type=html_list, confidence=0.8
2026-09-01T07:43:39.766Z [INFO] municipality:Town of Petawawa => jobs_source_type=unknown, confidence=0.5
2026-09-01T07:43:40.346Z [INFO] municipality:Town of The Blue Mountains => jobs_source_type=ats_dayforce, confidence=1.0
2026-09-01T07:43:42.361Z [INFO] municipality:Town of Wasaga Beach => jobs_source_type=html_list, confidence=0.8
2026-09-01T07:43:43.536Z [INFO] municipality:Town of Whitby => jobs_source_type=ats_workday, confidence=1.0
2026-09-01T07:43:43.902Z [INFO] municipality:Town of Tillsonburg => jobs_source_type=html_list, confidence=0.8
2026-09-01T07:43:45.608Z [INFO] municipality:Town of Whitchurch-Stouffville => jobs_source_type=html_list, confidence=0.8
2026-09-01T07:43:47.621Z [INFO] municipality:Township of Adelaide Metcalfe => jobs_source_type=unknown, confidence=0.5
2026-09-01T07:44:20.015Z [INFO] municipality:Township of Addington Highlands => jobs_source_type=manual_review, confidence=0.0
2026-09-01T07:45:56.840Z [INFO] municipality:Township of Adjala-Tosorontio => jobs_source_type=html_list, confidence=0.8
2026-09-01T07:46:15.167Z [INFO] municipality:Township of Admaston-Bromley => jobs_source_type=html_list, confidence=0.8
2026-09-01T07:46:19.691Z [INFO] municipality:Township of Alfred & Plantagenet => jobs_source_type=html_list, confidence=0.8
2026-09-01T07:46:29.409Z [INFO] municipality:Town of Smooth Rock Falls => jobs_source_type=html_list, confidence=0.8
2026-09-01T07:46:35.713Z [INFO] municipality:Town of South Bruce Peninsula => jobs_source_type=manual_review, confidence=0.0
2026-09-01T07:46:48.902Z [INFO] municipality:Township of Algonquin Highlands => jobs_source_type=html_list, confidence=0.8
2026-09-01T07:47:01.959Z [INFO] municipality:Township of Armour => jobs_source_type=unknown, confidence=0.5
2026-09-01T07:47:03.530Z [INFO] municipality:Township of Alnwick/Haldimand => jobs_source_type=manual_review, confidence=0.0
2026-09-01T07:47:03.924Z [INFO] municipality:Township of Amaranth => jobs_source_type=html_list, confidence=0.8
2026-09-01T07:47:04.937Z [INFO] municipality:Township of Asphodel-Norwood => jobs_source_type=html_list, confidence=0.8
2026-09-01T07:47:19.016Z [INFO] municipality:Township of Assiginack => jobs_source_type=html_list, confidence=0.8
2026-09-01T07:47:25.561Z [INFO] municipality:Township of Alberton => jobs_source_type=ats_taleo, confidence=1.0
2026-09-01T07:47:28.218Z [INFO] municipality:Township of Ashfield-Colborne-Wawanosh => jobs_source_type=html_list, confidence=0.8
2026-09-01T07:47:30.130Z [INFO] municipality:Township of Armstrong => jobs_source_type=html_list, confidence=0.8
2026-09-01T07:47:30.706Z [INFO] municipality:Township of Atikokan => jobs_source_type=html_list, confidence=0.8
2026-09-01T07:47:45.127Z [INFO] municipality:Town of Thessalon => jobs_source_type=html_list, confidence=0.8
2026-09-01T07:48:16.315Z [INFO] municipality:Township of Black River Matheson => jobs_source_type=html_list, confidence=0.8
2026-09-01T07:48:26.219Z [INFO] municipality:Township of Beckwith => jobs_source_type=manual_review, confidence=0.0
2026-09-01T07:48:31.448Z [INFO] municipality:Township of Bonfield => jobs_source_type=html_list, confidence=0.8
2026-09-01T07:48:33.271Z [INFO] municipality:Township of Bonnechere Valley => jobs_source_type=unknown, confidence=0.5
2026-09-01T07:48:34.287Z [INFO] municipality:Township of Brock => jobs_source_type=html_list, confidence=0.8
2026-09-01T07:48:39.676Z [INFO] municipality:Town of Oakville => jobs_source_type=html_list, confidence=0.8
2026-09-01T07:48:44.367Z [INFO] municipality:Township of Blandford Blenheim => jobs_source_type=html_list, confidence=0.8
2026-09-01T07:48:45.646Z [INFO] municipality:Township of Baldwin => jobs_source_type=manual_review, confidence=0.0
2026-09-01T07:48:55.840Z [INFO] municipality:Township of Athens => jobs_source_type=manual_review, confidence=0.0
2026-09-01T07:49:08.046Z [INFO] municipality:Township of Burpee & Mills => jobs_source_type=html_list, confidence=0.8
2026-09-01T07:49:12.518Z [INFO] municipality:Township of Calvin => jobs_source_type=html_list, confidence=0.8
2026-09-01T07:49:33.318Z [INFO] municipality:Township of Carlow/Mayo => jobs_source_type=manual_review, confidence=0.0
2026-09-01T07:49:40.757Z [INFO] municipality:Township of Cavan Monaghan => jobs_source_type=html_list, confidence=0.8
2026-09-01T07:49:44.682Z [INFO] municipality:Township of Augusta => jobs_source_type=html_list, confidence=0.8
2026-09-01T07:49:45.772Z [INFO] municipality:Township of Centre Wellington => jobs_source_type=html_list, confidence=0.8
2026-09-01T07:49:49.924Z [INFO] municipality:Township of Champlain => jobs_source_type=html_list, confidence=0.8
2026-09-01T07:50:10.029Z [INFO] municipality:Township of Carling => jobs_source_type=manual_review, confidence=0.0
2026-09-01T07:50:20.023Z [INFO] municipality:Township of Chamberlain => jobs_source_type=manual_review, confidence=0.0
2026-09-01T07:50:43.211Z [INFO] municipality:Township of Brudenell, Lyndoch and Raglan => jobs_source_type=html_list, confidence=0.8
2026-09-01T07:50:58.100Z [INFO] municipality:Township of Casey => jobs_source_type=unknown, confidence=0.5
2026-09-01T07:51:00.229Z [INFO] municipality:Township of Clearview => jobs_source_type=html_list, confidence=0.8
2026-09-01T07:51:11.314Z [INFO] municipality:Township of Chisholm => jobs_source_type=html_list, confidence=0.8
2026-09-01T07:51:36.026Z [INFO] municipality:Township of Cockburn Island => jobs_source_type=manual_review, confidence=0.0
2026-09-01T07:51:38.263Z [INFO] municipality:Township of Chapple => jobs_source_type=html_list, confidence=0.8
2026-09-01T07:51:39.860Z [INFO] municipality:Township of Coleman => jobs_source_type=html_list, confidence=0.8
2026-09-01T07:52:03.284Z [INFO] municipality:Township of Central Frontenac => jobs_source_type=html_list, confidence=0.8
2026-09-01T07:52:05.435Z [INFO] municipality:Township of Conmee => jobs_source_type=unknown, confidence=0.5
2026-09-01T07:52:06.464Z [INFO] municipality:Township of Cramahe => jobs_source_type=html_list, confidence=0.8
2026-09-01T07:52:24.362Z [INFO] municipality:Township of Chatsworth => jobs_source_type=html_list, confidence=0.8
2026-09-01T07:52:34.106Z [INFO] municipality:Township of Dorion => jobs_source_type=html_list, confidence=0.8
2026-09-01T07:52:40.572Z [INFO] municipality:Township of Douro-Dummer => jobs_source_type=manual_review, confidence=0.0
2026-09-01T07:52:57.843Z [INFO] municipality:Township of Drummond-North Elmsley => jobs_source_type=unknown, confidence=0.5
2026-09-01T07:53:02.503Z [INFO] municipality:Township of Dawson => jobs_source_type=manual_review, confidence=0.0
2026-09-01T07:53:26.032Z [INFO] municipality:Township of East Garafraxa => jobs_source_type=html_list, confidence=0.8
2026-09-01T07:53:28.086Z [INFO] municipality:Township of East Zorra-Tavistock => jobs_source_type=html_list, confidence=0.8
2026-09-01T07:53:31.170Z [INFO] municipality:Township of East Hawkesbury => jobs_source_type=html_list, confidence=0.8
2026-09-01T07:53:34.391Z [INFO] municipality:Township of Dawn-Euphemia => jobs_source_type=manual_review, confidence=0.0
2026-09-01T07:53:56.132Z [INFO] municipality:Township of Edwardsburgh/Cardinal => jobs_source_type=html_list, confidence=0.8
2026-09-01T07:53:59.350Z [INFO] municipality:Township of Elizabethtown - Kitley => jobs_source_type=html_list, confidence=0.8
2026-09-01T07:54:47.731Z [INFO] municipality:Township of Ear Falls => jobs_source_type=unknown, confidence=0.5
2026-09-01T07:54:57.174Z [INFO] municipality:Township of Enniskillen => jobs_source_type=manual_review, confidence=0.0
2026-09-01T07:55:03.783Z [INFO] municipality:Township of Emo => jobs_source_type=html_list, confidence=0.8
2026-09-01T07:55:04.294Z [INFO] municipality:Township of Essa => jobs_source_type=manual_review, confidence=0.0
2026-09-01T07:55:17.807Z [INFO] municipality:Township of Dubreuilville => jobs_source_type=html_list, confidence=0.8
2026-09-01T07:55:27.990Z [INFO] municipality:Township of Evanturel => jobs_source_type=manual_review, confidence=0.0
2026-09-01T07:55:31.261Z [INFO] municipality:Township of Gauthier => jobs_source_type=ats_workday, confidence=1.0
2026-09-01T07:55:36.277Z [INFO] municipality:Township of Georgian Bay => jobs_source_type=html_list, confidence=0.8
2026-09-01T07:55:37.289Z [INFO] municipality:Township of Georgian Bluffs => jobs_source_type=html_list, confidence=0.8
2026-09-01T07:55:44.607Z [INFO] municipality:Township of Faraday => jobs_source_type=manual_review, confidence=0.0
2026-09-01T07:55:48.590Z [INFO] municipality:Township of Front of Yonge => jobs_source_type=manual_review, confidence=0.0
2026-09-01T07:56:05.467Z [INFO] municipality:Township of Gillies => jobs_source_type=html_list, confidence=0.8
2026-09-01T07:56:06.480Z [INFO] municipality:Township of Hamilton => jobs_source_type=html_list, confidence=0.8
2026-09-01T07:56:11.887Z [INFO] municipality:Township of Greater Madawaska => jobs_source_type=html_list, confidence=0.8
2026-09-01T07:56:17.452Z [INFO] municipality:Township of Guelph-Eramosa => jobs_source_type=html_list, confidence=0.8
2026-09-01T07:56:48.660Z [INFO] municipality:Township of Havelock-Belmont-Methuen => jobs_source_type=html_list, confidence=0.8
2026-09-01T07:56:50.508Z [INFO] municipality:Township of Fauquier-Strickland => jobs_source_type=html_list, confidence=0.8
2026-09-01T07:56:51.543Z [INFO] municipality:Township of Harris => jobs_source_type=manual_review, confidence=0.0
2026-09-01T07:57:19.587Z [INFO] municipality:Township of Hornepayne => jobs_source_type=html_list, confidence=0.8
2026-09-01T07:57:20.758Z [INFO] municipality:Township of Horton => jobs_source_type=unknown, confidence=0.5
2026-09-01T07:57:21.967Z [INFO] municipality:Township of Harley => jobs_source_type=manual_review, confidence=0.0
2026-09-01T07:57:50.221Z [INFO] municipality:Township of Chapleau => jobs_source_type=html_list, confidence=0.8
2026-09-01T07:57:51.241Z [INFO] municipality:Township of Huron-Kinloss => jobs_source_type=html_list, confidence=0.8
2026-09-01T07:58:00.079Z [INFO] municipality:Township of Hilliard => jobs_source_type=unknown, confidence=0.5
2026-09-01T07:58:05.231Z [INFO] municipality:Township of James => jobs_source_type=unknown, confidence=0.5
2026-09-01T07:58:20.847Z [INFO] municipality:Township of Howick => jobs_source_type=manual_review, confidence=0.0
2026-09-01T07:58:22.087Z [INFO] municipality:Township of Ignace => jobs_source_type=html_list, confidence=0.8
2026-09-01T07:58:42.327Z [INFO] municipality:Township of Frontenac Islands => jobs_source_type=manual_review, confidence=0.0
2026-09-01T07:58:44.321Z [INFO] municipality:Township of Hudson => jobs_source_type=manual_review, confidence=0.0
2026-09-01T07:58:47.384Z [INFO] municipality:Township of Hilton => jobs_source_type=html_list, confidence=0.8
2026-09-01T07:58:51.336Z [INFO] municipality:Township of Joly => jobs_source_type=unknown, confidence=0.5
2026-09-01T07:58:52.661Z [INFO] municipality:Township of King => jobs_source_type=html_list, confidence=0.8
2026-09-01T07:59:14.873Z [INFO] municipality:Township of Killaloe, Hagarty & Richards => jobs_source_type=html_list, confidence=0.8
2026-09-01T07:59:21.089Z [INFO] municipality:Township of Lake of Bays => jobs_source_type=html_list, confidence=0.8
2026-09-01T07:59:52.745Z [INFO] municipality:Township of La Vallee => jobs_source_type=manual_review, confidence=0.0
2026-09-01T07:59:59.751Z [INFO] municipality:Township of Kerns => jobs_source_type=manual_review, confidence=0.0
2026-09-01T08:00:13.098Z [INFO] municipality:Township of Johnson => jobs_source_type=manual_review, confidence=0.0
2026-09-01T08:00:23.489Z [INFO] municipality:Township of Lanark Highlands => jobs_source_type=html_list, confidence=0.8
2026-09-01T08:00:25.584Z [INFO] municipality:Township of Lake of the Woods => jobs_source_type=manual_review, confidence=0.0
2026-09-01T08:00:41.354Z [INFO] municipality:Township of Laurentian Valley => jobs_source_type=html_list, confidence=0.8
2026-09-01T08:00:42.367Z [INFO] municipality:Township of Loyalist => jobs_source_type=html_list, confidence=0.8
2026-09-01T08:00:43.382Z [INFO] municipality:Township of Lucan Biddulph => jobs_source_type=html_list, confidence=0.8
2026-09-01T08:00:46.076Z [INFO] municipality:Township of Jocelyn => jobs_source_type=html_list, confidence=0.8
2026-09-01T08:00:51.688Z [INFO] municipality:Township of Leeds & the Thousand Islands => jobs_source_type=html_list, confidence=0.8
2026-09-01T08:01:13.107Z [INFO] municipality:Township of Laird => jobs_source_type=unknown, confidence=0.5
2026-09-01T08:01:19.209Z [INFO] municipality:Township of Machin => jobs_source_type=html_list, confidence=0.8
2026-09-01T08:01:25.624Z [INFO] municipality:Township of Machar => jobs_source_type=manual_review, confidence=0.0
2026-09-01T08:01:41.315Z [INFO] municipality:Township of Madawaska Valley => jobs_source_type=html_list, confidence=0.8
2026-09-01T08:01:48.662Z [INFO] municipality:Township of Malahide => jobs_source_type=html_list, confidence=0.8
2026-09-01T08:01:51.671Z [INFO] municipality:Township of Mapleton => jobs_source_type=unknown, confidence=0.5
2026-09-01T08:01:58.650Z [INFO] municipality:Township of Madoc => jobs_source_type=manual_review, confidence=0.0
2026-09-01T08:02:11.189Z [INFO] municipality:Township of Manitouwadge => jobs_source_type=unknown, confidence=0.5
2026-09-01T08:02:55.775Z [INFO] municipality:Township of Mattice-Val Cote => jobs_source_type=manual_review, confidence=0.0
2026-09-01T08:03:12.275Z [INFO] municipality:Township of Mattawan => jobs_source_type=manual_review, confidence=0.0
2026-09-01T08:03:24.219Z [INFO] municipality:Township of McDougall => jobs_source_type=html_list, confidence=0.8
2026-09-01T08:03:25.442Z [INFO] municipality:Township of McGarry => jobs_source_type=html_list, confidence=0.8
2026-09-01T08:03:32.472Z [INFO] municipality:Township of McMurrich/Monteith => jobs_source_type=unknown, confidence=0.5
2026-09-01T08:03:34.428Z [INFO] municipality:Township of McNab-Braeside => jobs_source_type=unknown, confidence=0.5
2026-09-01T08:03:50.071Z [INFO] municipality:Township of McKellar => jobs_source_type=html_list, confidence=0.8
2026-09-01T08:03:52.079Z [INFO] municipality:Township of Middlesex Centre => jobs_source_type=ats_dayforce, confidence=1.0
2026-09-01T08:04:07.390Z [INFO] municipality:Township of Larder Lake => jobs_source_type=html_list, confidence=0.8
2026-09-01T08:04:20.268Z [INFO] municipality:Township of Minden Hills => jobs_source_type=html_list, confidence=0.8
2026-09-01T08:04:35.366Z [INFO] municipality:Township of Montague => jobs_source_type=html_list, confidence=0.8
2026-09-01T08:05:21.335Z [INFO] municipality:Township of Melancthon => jobs_source_type=html_list, confidence=0.8
2026-09-01T08:05:30.434Z [INFO] municipality:Township of Morley => jobs_source_type=manual_review, confidence=0.0
2026-09-01T08:05:32.449Z [INFO] municipality:Township of Muskoka Lakes => jobs_source_type=html_list, confidence=0.8
2026-09-01T08:05:49.470Z [INFO] municipality:Township of Mulmur => jobs_source_type=html_list, confidence=0.8
2026-09-01T08:06:14.462Z [INFO] municipality:Township of Moonbeam => jobs_source_type=manual_review, confidence=0.0
2026-09-01T08:06:24.682Z [INFO] municipality:Township of Nipigon => jobs_source_type=html_list, confidence=0.8
2026-09-01T08:07:55.441Z [INFO] municipality:Township of Nairn & Hyman => jobs_source_type=html_list, confidence=0.8
2026-09-01T08:08:00.453Z [INFO] municipality:Township of North Dumfries => jobs_source_type=html_list, confidence=0.8
2026-09-01T08:08:28.526Z [INFO] municipality:Township of North Dundas => jobs_source_type=html_list, confidence=0.8
2026-09-01T08:08:43.378Z [INFO] municipality:Township of Nipissing => jobs_source_type=manual_review, confidence=0.0
2026-09-01T08:08:44.389Z [INFO] municipality:Township of North Glengarry => jobs_source_type=html_list, confidence=0.8
2026-09-01T08:09:12.627Z [INFO] municipality:Township of North Huron => jobs_source_type=unknown, confidence=0.5
2026-09-01T08:09:46.736Z [INFO] municipality:Township of North Kawartha => jobs_source_type=manual_review, confidence=0.0
2026-09-01T08:09:53.855Z [INFO] municipality:Township of North Stormont => jobs_source_type=html_list, confidence=0.8
2026-09-01T08:10:21.942Z [INFO] municipality:Township of Norwich => jobs_source_type=unknown, confidence=0.5
2026-09-01T08:10:23.077Z [INFO] municipality:Township of Limerick => jobs_source_type=manual_review, confidence=0.0
2026-09-01T08:10:41.426Z [INFO] municipality:Township of Macdonald, Meredith & Aberdeen Add'l => jobs_source_type=manual_review, confidence=0.0
2026-09-01T08:10:42.434Z [INFO] municipality:Township of Oro-Medonte => jobs_source_type=ats_workday, confidence=1.0
2026-09-01T08:10:45.444Z [INFO] municipality:Township of Otonabee-South Monaghan => jobs_source_type=html_list, confidence=0.8
2026-09-01T08:11:06.058Z [INFO] municipality:Township of Opasatika => jobs_source_type=manual_review, confidence=0.0
2026-09-01T08:11:37.284Z [INFO] municipality:Township of North Algona-Wilberforce => jobs_source_type=unknown, confidence=0.5
2026-09-01T08:11:48.642Z [INFO] municipality:Township of Matachewan => jobs_source_type=manual_review, confidence=0.0
2026-09-01T08:12:15.071Z [INFO] municipality:Township of Papineau-Cameron => jobs_source_type=manual_review, confidence=0.0
2026-09-01T08:12:17.208Z [INFO] municipality:Township of Pelee => jobs_source_type=html_list, confidence=0.8
2026-09-01T08:12:28.206Z [INFO] municipality:Township of Perth East => jobs_source_type=html_list, confidence=0.8
2026-09-01T08:12:43.154Z [INFO] municipality:Township of Perth South => jobs_source_type=html_list, confidence=0.8
2026-09-01T08:12:54.183Z [INFO] municipality:Township of Prince => jobs_source_type=unknown, confidence=0.5
2026-09-01T08:13:01.346Z [INFO] municipality:Township of O'Connor => jobs_source_type=html_list, confidence=0.8
2026-09-01T08:13:02.356Z [INFO] municipality:Township of Ramara => jobs_source_type=html_list, confidence=0.8
2026-09-01T08:13:17.298Z [INFO] municipality:Township of Pickle Lake => jobs_source_type=manual_review, confidence=0.0
2026-09-01T08:13:49.104Z [INFO] municipality:Township of Rideau Lakes => jobs_source_type=html_list, confidence=0.8
2026-09-01T08:14:03.413Z [INFO] municipality:Township of Perry => jobs_source_type=html_list, confidence=0.8
2026-09-01T08:14:31.509Z [INFO] municipality:Township of Ryerson => jobs_source_type=html_list, confidence=0.8
2026-09-01T08:14:36.272Z [INFO] municipality:Township of Plummer Additional => jobs_source_type=html_list, confidence=0.8
2026-09-01T08:14:45.185Z [INFO] municipality:Township of Russell => jobs_source_type=ats_taleo, confidence=1.0
2026-09-01T08:14:46.258Z [INFO] municipality:Township of Scugog => jobs_source_type=html_list, confidence=0.8
2026-09-01T08:14:51.226Z [INFO] municipality:Township of Puslinch => jobs_source_type=unknown, confidence=0.5
2026-09-01T08:14:51.361Z [INFO] municipality:Township of Seguin => jobs_source_type=html_list, confidence=0.8
2026-09-01T08:14:54.571Z [INFO] municipality:Township of Severn => jobs_source_type=ats_workday, confidence=1.0
2026-09-01T08:14:55.244Z [INFO] municipality:Township of Selwyn => jobs_source_type=html_list, confidence=0.8
2026-09-01T08:15:09.856Z [INFO] municipality:Township of Sioux Narrows - Nestor Falls => jobs_source_type=html_list, confidence=0.8
2026-09-01T08:15:11.649Z [INFO] municipality:Township of Red Rock => jobs_source_type=html_list, confidence=0.8
2026-09-01T08:15:13.662Z [INFO] municipality:Township of South Glengarry => jobs_source_type=html_list, confidence=0.8
2026-09-01T08:15:14.845Z [INFO] municipality:Township of South Stormont => jobs_source_type=html_list, confidence=0.8
2026-09-01T08:15:17.030Z [INFO] municipality:Township of South-West Oxford => jobs_source_type=html_list, confidence=0.8
2026-09-01T08:15:18.150Z [INFO] municipality:Township of Southgate => jobs_source_type=html_list, confidence=0.8
2026-09-01T08:15:47.399Z [INFO] municipality:Township of Southwold => jobs_source_type=html_list, confidence=0.8
2026-09-01T08:17:16.714Z [INFO] municipality:Township of Spanish => jobs_source_type=html_list, confidence=0.8
2026-09-01T08:17:17.927Z [INFO] municipality:Township of Springwater => jobs_source_type=ats_workday, confidence=1.0
2026-09-01T08:18:00.160Z [INFO] municipality:Township of St. Clair => jobs_source_type=manual_review, confidence=0.0
2026-09-01T08:18:00.382Z [INFO] municipality:Township of South Algonquin => jobs_source_type=html_list, confidence=0.8
2026-09-01T08:18:05.165Z [INFO] municipality:Township of Schreiber => jobs_source_type=manual_review, confidence=0.0
2026-09-01T08:18:25.749Z [INFO] municipality:Township of North Frontenac => jobs_source_type=manual_review, confidence=0.0
2026-09-01T08:18:26.996Z [INFO] municipality:Township of Strathroy - Caradoc => jobs_source_type=html_list, confidence=0.8
2026-09-01T08:18:31.566Z [INFO] municipality:Township of Stirling-Rawdon => jobs_source_type=html_list, confidence=0.8
2026-09-01T08:18:33.362Z [INFO] municipality:Township of Stone Mills => jobs_source_type=html_list, confidence=0.8
2026-09-01T08:18:37.412Z [INFO] municipality:Township of Tay => jobs_source_type=unknown, confidence=0.5
2026-09-01T08:18:55.239Z [INFO] municipality:Township of Strong => jobs_source_type=html_list, confidence=0.8
2026-09-01T08:19:05.621Z [INFO] municipality:Township of Tay Valley => jobs_source_type=ats_workday, confidence=1.0
2026-09-01T08:20:05.495Z [INFO] municipality:Township of Tarbutt => jobs_source_type=html_list, confidence=0.8
2026-09-01T08:20:15.083Z [INFO] municipality:Township of Tehkummah => jobs_source_type=manual_review, confidence=0.0
2026-09-01T08:20:18.958Z [INFO] municipality:Township of The Archipelago => jobs_source_type=html_list, confidence=0.8
2026-09-01T08:20:23.075Z [INFO] municipality:Township of Tiny => jobs_source_type=html_list, confidence=0.8
2026-09-01T08:20:53.417Z [INFO] municipality:Township of Terrace Bay => jobs_source_type=html_list, confidence=0.8
2026-09-01T08:21:01.569Z [INFO] municipality:Township of Tudor & Cashel => jobs_source_type=manual_review, confidence=0.0
2026-09-01T08:21:03.636Z [INFO] municipality:Township of Uxbridge => jobs_source_type=html_list, confidence=0.8
2026-09-01T08:21:31.700Z [INFO] municipality:Township of Tyendinaga => jobs_source_type=manual_review, confidence=0.0
2026-09-01T08:21:32.826Z [INFO] municipality:Township of Wainfleet => jobs_source_type=html_list, confidence=0.8
2026-09-01T08:21:34.865Z [INFO] municipality:Township of Warwick => jobs_source_type=html_list, confidence=0.8
2026-09-01T08:22:03.105Z [INFO] municipality:Township of Wellesley => jobs_source_type=html_list, confidence=0.8
2026-09-01T08:22:05.223Z [INFO] municipality:Township of Wellington North => jobs_source_type=html_list, confidence=0.8
2026-09-01T08:22:08.239Z [INFO] municipality:Township of West Lincoln => jobs_source_type=html_list, confidence=0.8
2026-09-01T08:22:59.328Z [INFO] municipality:Township of White River => jobs_source_type=html_list, confidence=0.8
2026-09-01T08:23:01.132Z [INFO] municipality:Township of Whitewater Region => jobs_source_type=unknown, confidence=0.5
2026-09-01T08:23:04.148Z [INFO] municipality:Township of Wilmot => jobs_source_type=html_list, confidence=0.8
2026-09-01T08:23:42.594Z [INFO] municipality:Township of Wollaston => jobs_source_type=manual_review, confidence=0.0
2026-09-01T08:23:43.614Z [INFO] municipality:Township of Woolwich => jobs_source_type=html_list, confidence=0.8
2026-09-01T08:24:11.671Z [INFO] municipality:Township of Zorra => jobs_source_type=html_list, confidence=0.8
2026-09-01T08:24:30.801Z [INFO] municipality:Township of Sables Spanish Rivers => jobs_source_type=manual_review, confidence=0.0
2026-09-01T08:24:37.019Z [INFO] municipality:United Counties of Stormont, Dundas and Glengarry => jobs_source_type=ats_bamboohr, confidence=1.0
2026-09-01T08:24:38.462Z [INFO] municipality:United Townships of Head, Clara & Maria => jobs_source_type=html_list, confidence=0.8
2026-09-01T08:24:51.074Z [INFO] municipality:United Counties of Prescott and Russell => jobs_source_type=manual_review, confidence=0.0
2026-09-01T08:25:07.037Z [INFO] municipality:Township of South Frontenac => jobs_source_type=manual_review, confidence=0.0
2026-09-01T08:25:07.513Z [INFO] municipality:Village of Burk's Falls => jobs_source_type=html_list, confidence=0.8
2026-09-01T08:25:30.672Z [INFO] municipality:Village of Newbury => jobs_source_type=unknown, confidence=0.5
2026-09-01T08:25:37.018Z [INFO] municipality:Village of Merrickville-Wolford => jobs_source_type=html_list, confidence=0.8
2026-09-01T08:25:58.726Z [INFO] municipality:Village of Oil Springs => jobs_source_type=html_list, confidence=0.8
2026-09-01T08:25:59.573Z [INFO] municipality:Township of St. Joseph => jobs_source_type=html_list, confidence=0.8
2026-09-01T08:26:02.622Z [INFO] municipality:Village of Sundridge => jobs_source_type=unknown, confidence=0.5
2026-09-01T08:26:05.081Z [INFO] municipality:Village of Thornloe => jobs_source_type=ats_workday, confidence=1.0
2026-09-01T08:26:07.360Z [INFO] municipality:Village of Point Edward => jobs_source_type=html_list, confidence=0.8
2026-09-01T08:26:26.906Z [INFO] municipality:Village of South River => jobs_source_type=html_list, confidence=0.8
2026-09-01T08:26:43.233Z [INFO] municipality:Village of Hilton Beach => jobs_source_type=manual_review, confidence=0.0
2026-09-01T08:28:22.314Z [INFO] municipality:Village of Westport => jobs_source_type=manual_review, confidence=0.0
2026-09-01T08:28:34.226Z [INFO] municipality:Township of The North Shore => jobs_source_type=html_list, confidence=0.8
2026-09-01T08:29:33.725Z [INFO] municipality:Township of Val Rita-Harty => jobs_source_type=html_list, confidence=0.8
2026-09-01T08:29:33.746Z [INFO] Loaded First Nations input names: 140
2026-09-01T08:29:34.585Z [INFO] Ontario First Nations directory entries loaded: 140
2026-09-01T08:29:34.585Z [INFO] Resolving First Nation: Aamjiwnaang
2026-09-01T08:29:34.757Z [INFO] Resolving First Nation: Albany
2026-09-01T08:29:41.126Z [INFO] Resolving First Nation: Alderville First Nation
2026-09-01T08:29:41.264Z [INFO] Resolving First Nation: Algonquins of Pikwakanagan First Nation
2026-09-01T08:29:41.416Z [INFO] Resolving First Nation: Animakee Wa Zhing #37
2026-09-01T08:29:41.564Z [INFO] Resolving First Nation: Animbiigoo Zaagi'igan Anishinaabek
2026-09-01T08:29:41.713Z [INFO] Resolving First Nation: Anishinabe of Wauzhushk Onigum
2026-09-01T08:29:49.568Z [INFO] Resolving First Nation: Anishnaabeg of Naongashiing
2026-09-01T08:29:56.857Z [INFO] Resolving First Nation: Apitipi Anicinapek Nation
2026-09-01T08:29:57.000Z [INFO] Resolving First Nation: Aroland
2026-09-01T08:29:57.148Z [INFO] Resolving First Nation: Atikameksheng Anishnawbek
2026-09-01T08:29:57.286Z [INFO] Resolving First Nation: Attawapiskat
2026-09-01T08:30:10.883Z [INFO] Wikidata fallback matched "Attawapiskat" => https://attawapiskat.org/
2026-09-01T08:30:10.890Z [INFO] Resolving First Nation: Aundeck-Omni-Kaning
2026-09-01T08:30:11.063Z [INFO] Resolving First Nation: Batchewana First Nation
2026-09-01T08:30:11.202Z [INFO] Resolving First Nation: Bay of Quinte Mohawk
2026-09-01T08:30:17.640Z [INFO] Resolving First Nation: Bearfoot Onondaga
2026-09-01T08:30:27.582Z [INFO] Resolving First Nation: Bearskin Lake
2026-09-01T08:30:27.739Z [INFO] Resolving First Nation: Beausoleil
2026-09-01T08:30:27.882Z [INFO] Resolving First Nation: Biigtigong Nishnaabeg
2026-09-01T08:30:34.269Z [INFO] Resolving First Nation: Biinjitiwaabik Zaaging Anishinaabek
2026-09-01T08:30:34.418Z [INFO] Resolving First Nation: Bingwi Neyaashi Anishinaabek
2026-09-01T08:30:44.138Z [INFO] Wikidata fallback matched "Bingwi Neyaashi Anishinaabek" => http://www.bnafn.ca/
2026-09-01T08:30:44.138Z [INFO] Resolving First Nation: Brunswick House
2026-09-01T08:30:44.305Z [INFO] Resolving First Nation: Caldwell
2026-09-01T08:30:44.473Z [INFO] Resolving First Nation: Cat Lake
2026-09-01T08:30:44.629Z [INFO] Resolving First Nation: Chapleau Cree First Nation
2026-09-01T08:30:44.770Z [INFO] Resolving First Nation: Chapleau Ojibway
2026-09-01T08:30:44.907Z [INFO] Resolving First Nation: Chippewas of Georgina Island
2026-09-01T08:30:45.059Z [INFO] Resolving First Nation: Chippewas of Kettle and Stony Point
2026-09-01T08:30:45.204Z [INFO] Resolving First Nation: Chippewas of Nawash First Nation
2026-09-01T08:30:45.349Z [INFO] Resolving First Nation: Chippewas of Rama First Nation
2026-09-01T08:30:45.498Z [INFO] Resolving First Nation: Chippewas of the Thames First Nation
2026-09-01T08:30:45.642Z [INFO] Resolving First Nation: Constance Lake
2026-09-01T08:30:45.789Z [INFO] Resolving First Nation: Couchiching First Nation
2026-09-01T08:30:45.940Z [INFO] Resolving First Nation: Curve Lake
2026-09-01T08:30:46.088Z [INFO] Resolving First Nation: Deer Lake
2026-09-01T08:30:48.386Z [INFO] Wikidata fallback matched "Deer Lake" => http://deerlake.firstnation.ca/
2026-09-01T08:30:48.386Z [INFO] Resolving First Nation: Delaware
2026-09-01T08:30:57.442Z [INFO] Resolving First Nation: Dokis
2026-09-01T08:30:57.593Z [INFO] Resolving First Nation: Eabametoong First Nation
2026-09-01T08:31:27.234Z [INFO] Resolving First Nation: Eagle Lake
2026-09-01T08:31:27.540Z [INFO] Resolving First Nation: Flying Post
2026-09-01T08:31:27.685Z [INFO] Resolving First Nation: Fort Severn
2026-09-01T08:31:27.847Z [INFO] Resolving First Nation: Fort William
2026-09-01T08:31:27.985Z [INFO] Resolving First Nation: Gakijiwanong Anishinaabe Nation
2026-09-01T08:31:28.136Z [INFO] Resolving First Nation: Garden River First Nation
2026-09-01T08:31:28.295Z [INFO] Resolving First Nation: Ginoogaming First Nation
2026-09-01T08:31:38.076Z [INFO] Resolving First Nation: Grassy Narrows First Nation
2026-09-01T08:31:45.389Z [INFO] Resolving First Nation: Gull Bay
2026-09-01T08:31:52.822Z [INFO] Resolving First Nation: Henvey Inlet First Nation
2026-09-01T08:31:52.973Z [INFO] Resolving First Nation: Hiawatha First Nation
2026-09-01T08:31:53.117Z [INFO] Resolving First Nation: Iskatewizaagegan #39 Independent First Nation
2026-09-01T08:31:59.484Z [INFO] Resolving First Nation: Kasabonika Lake
2026-09-01T08:32:08.793Z [INFO] Resolving First Nation: Kashechewan
2026-09-01T08:32:18.615Z [INFO] Resolving First Nation: Keewaywin First Nation
2026-09-01T08:32:18.788Z [INFO] Resolving First Nation: Kingfisher
2026-09-01T08:32:18.934Z [INFO] Resolving First Nation: Kitchenuhmaykoosib Inninuwug
2026-09-01T08:32:19.095Z [INFO] Resolving First Nation: Konadaha Seneca
2026-09-01T08:32:28.089Z [INFO] Resolving First Nation: Lac Des Mille Lacs
2026-09-01T08:32:36.235Z [INFO] Wikidata fallback matched "Lac Des Mille Lacs" => https://www.lacdesmillelacsfirstnation.ca/
2026-09-01T08:32:36.236Z [INFO] Resolving First Nation: Lac Seul
2026-09-01T08:32:36.386Z [INFO] Resolving First Nation: Long Lake No.58 First Nation
2026-09-01T08:32:36.531Z [INFO] Resolving First Nation: Lower Cayuga
2026-09-01T08:32:45.711Z [INFO] Resolving First Nation: Lower Mohawk
2026-09-01T08:32:54.014Z [INFO] Resolving First Nation: M'Chigeeng First Nation
2026-09-01T08:32:54.160Z [INFO] Resolving First Nation: Magnetawan
2026-09-01T08:32:54.315Z [INFO] Resolving First Nation: Marten Falls First Nation
2026-09-01T08:32:54.469Z [INFO] Resolving First Nation: Matachewan
2026-09-01T08:32:54.622Z [INFO] Resolving First Nation: Mattagami
2026-09-01T08:32:54.768Z [INFO] Resolving First Nation: McDowell Lake
2026-09-01T08:32:54.942Z [INFO] Resolving First Nation: Michipicoten
2026-09-01T08:32:55.095Z [INFO] Resolving First Nation: Mishkeegogamang
2026-09-01T08:32:55.247Z [INFO] Resolving First Nation: Missanabie Cree
2026-09-01T08:32:55.398Z [INFO] Resolving First Nation: Mississauga
2026-09-01T08:32:55.548Z [INFO] Resolving First Nation: Mississaugas of Scugog Island First Nation
2026-09-01T08:32:55.699Z [INFO] Resolving First Nation: Mississaugas of the Credit
2026-09-01T08:32:55.849Z [INFO] Resolving First Nation: Mitaanjigamiing First Nation
2026-09-01T08:33:04.726Z [INFO] Resolving First Nation: Mohawks of Akwesasne
2026-09-01T08:33:04.897Z [INFO] Resolving First Nation: Mohawks of the Bay of Quinte
2026-09-01T08:33:05.066Z [INFO] Resolving First Nation: Moose Cree First Nation
2026-09-01T08:33:05.316Z [INFO] Resolving First Nation: Moose Deer Point
2026-09-01T08:33:09.019Z [INFO] Wikidata fallback matched "Moose Deer Point" => https://www.moosedeerpoint.ca/
2026-09-01T08:33:09.019Z [INFO] Resolving First Nation: Moravian of the Thames
2026-09-01T08:33:15.972Z [INFO] Resolving First Nation: Munsee-Delaware Nation
2026-09-01T08:33:16.131Z [INFO] Resolving First Nation: Musk-kosiminiziibing
2026-09-01T08:33:16.282Z [INFO] Resolving First Nation: Muskrat Dam Lake
2026-09-01T08:33:16.436Z [INFO] Resolving First Nation: Naicatchewenin
2026-09-01T08:33:16.596Z [INFO] Resolving First Nation: Naotkamegwanning
2026-09-01T08:33:24.890Z [INFO] Resolving First Nation: Neskantaga First Nation
2026-09-01T08:33:25.041Z [INFO] Resolving First Nation: Netmizaaggamig Nishnaabeg
2026-09-01T08:33:25.206Z [INFO] Resolving First Nation: Nibinamik First Nation
2026-09-01T08:33:28.551Z [INFO] Wikidata fallback matched "Nibinamik First Nation" => https://nibinamik.ca/
2026-09-01T08:33:28.551Z [INFO] Resolving First Nation: Nigigoonsiminikaaning First Nation
2026-09-01T08:33:28.839Z [INFO] Resolving First Nation: Niharondasa Seneca
2026-09-01T08:33:37.197Z [INFO] Resolving First Nation: Niisaachewan Anishinaabe Nation
2026-09-01T08:33:37.343Z [INFO] Resolving First Nation: Nipissing First Nation
2026-09-01T08:33:37.495Z [INFO] Resolving First Nation: North Caribou Lake
2026-09-01T08:33:37.684Z [INFO] Resolving First Nation: North Spirit Lake
2026-09-01T08:33:42.014Z [INFO] Wikidata fallback matched "North Spirit Lake" => http://nsl.firstnation.ca/
2026-09-01T08:33:42.014Z [INFO] Resolving First Nation: Northwest Angle No.33
2026-09-01T08:33:50.004Z [INFO] Resolving First Nation: Ojibway Nation of Saugeen
2026-09-01T08:33:59.338Z [INFO] Resolving First Nation: Ojibways of Onigaming First Nation
2026-09-01T08:33:59.523Z [INFO] Resolving First Nation: Oneida
2026-09-01T08:34:07.162Z [INFO] Resolving First Nation: Oneida Nation of the Thames
2026-09-01T08:34:07.323Z [INFO] Resolving First Nation: Onondaga Clear Sky
2026-09-01T08:34:15.676Z [INFO] Resolving First Nation: Pays Plat
2026-09-01T08:34:15.860Z [INFO] Resolving First Nation: Pikangikum
2026-09-01T08:34:16.021Z [INFO] Resolving First Nation: Poplar Hill
2026-09-01T08:34:16.201Z [INFO] Resolving First Nation: Rainy River First Nations
2026-09-01T08:34:16.352Z [INFO] Resolving First Nation: Red Rock
2026-09-01T08:34:16.513Z [INFO] Resolving First Nation: Sachigo Lake
2026-09-01T08:34:16.666Z [INFO] Resolving First Nation: Sagamok Anishnawbek
2026-09-01T08:34:22.340Z [INFO] Wikidata fallback matched "Sagamok Anishnawbek" => https://www.sagamokanishnawbek.com/
2026-09-01T08:34:22.340Z [INFO] Resolving First Nation: Sandy Lake
2026-09-01T08:34:31.936Z [INFO] Resolving First Nation: Saugeen
2026-09-01T08:34:32.113Z [INFO] Resolving First Nation: Seine River First Nation
2026-09-01T08:34:32.271Z [INFO] Resolving First Nation: Serpent River
2026-09-01T08:34:32.424Z [INFO] Resolving First Nation: Shawanaga First Nation
2026-09-01T08:34:32.646Z [INFO] Resolving First Nation: Sheguiandah
2026-09-01T08:34:32.805Z [INFO] Resolving First Nation: Sheshegwaning
2026-09-01T08:34:32.965Z [INFO] Resolving First Nation: Shoal Lake No.40
2026-09-01T08:34:33.126Z [INFO] Resolving First Nation: Six Nations of the Grand River
2026-09-01T08:34:33.288Z [INFO] Resolving First Nation: Slate Falls Nation
2026-09-01T08:34:33.481Z [INFO] Resolving First Nation: Taykwa Tagamou Nation
2026-09-01T08:34:33.644Z [INFO] Resolving First Nation: Teme Augama Anishinabek
2026-09-01T08:34:33.789Z [INFO] Resolving First Nation: Thessalon
2026-09-01T08:35:02.816Z [INFO] Resolving First Nation: Tuscarora
2026-09-01T08:35:10.226Z [INFO] Resolving First Nation: Upper Cayuga
2026-09-01T08:35:19.619Z [INFO] Resolving First Nation: Upper Mohawk
2026-09-01T08:35:28.039Z [INFO] Resolving First Nation: Wabaseemoong Independent Nations
2026-09-01T08:35:28.189Z [INFO] Resolving First Nation: Wabauskang First Nation
2026-09-01T08:35:35.492Z [INFO] Resolving First Nation: Wabigoon Lake Ojibway Nation
2026-09-01T08:35:35.797Z [INFO] Resolving First Nation: Wahnapitae
2026-09-01T08:35:41.717Z [INFO] Wikidata fallback matched "Wahnapitae" => https://www.wahnapitaefirstnation.com/
2026-09-01T08:35:41.718Z [INFO] Resolving First Nation: Wahta Mohawk
2026-09-01T08:35:41.908Z [INFO] Resolving First Nation: Walker Mohawk
2026-09-01T08:35:50.433Z [INFO] Resolving First Nation: Walpole Island
2026-09-01T08:35:50.599Z [INFO] Resolving First Nation: Wapekeka
2026-09-01T08:35:50.759Z [INFO] Resolving First Nation: Wasauksing First Nation
2026-09-01T08:35:54.523Z [INFO] Wikidata fallback matched "Wasauksing First Nation" => https://wasauksing.ca/
2026-09-01T08:35:54.523Z [INFO] Resolving First Nation: Washagamis Bay
2026-09-01T08:36:03.123Z [INFO] Resolving First Nation: Wawakapewin
2026-09-01T08:36:03.294Z [INFO] Resolving First Nation: Webequie
2026-09-01T08:36:03.442Z [INFO] Resolving First Nation: Weenusk
2026-09-01T08:36:11.907Z [INFO] Resolving First Nation: Whitefish River
2026-09-01T08:36:12.075Z [INFO] Resolving First Nation: Whitesand
2026-09-01T08:36:12.243Z [INFO] Resolving First Nation: Wikwemikong
2026-09-01T08:36:12.401Z [INFO] Resolving First Nation: Wunnumin
2026-09-01T08:36:12.552Z [INFO] Resolving First Nation: Zhiibaahaasing First Nation
2026-09-01T08:36:12.738Z [INFO] First Nations seed finalized: 140
2026-09-01T08:36:12.739Z [INFO] Processing first nation seeds: 140
2026-09-01T08:36:13.892Z [INFO] first_nation:Albany => jobs_source_type=manual_review, confidence=0.0
2026-09-01T08:36:16.802Z [INFO] first_nation:Anishinabe of Wauzhushk Onigum => jobs_source_type=manual_review, confidence=0.0
2026-09-01T08:36:19.797Z [INFO] first_nation:Anishnaabeg of Naongashiing => jobs_source_type=manual_review, confidence=0.0
2026-09-01T08:36:50.234Z [INFO] first_nation:Animakee Wa Zhing #37 => jobs_source_type=manual_review, confidence=0.0
2026-09-01T08:37:05.983Z [INFO] first_nation:Algonquins of Pikwakanagan First Nation => jobs_source_type=html_list, confidence=0.8
2026-09-01T08:37:06.663Z [INFO] first_nation:Animbiigoo Zaagi'igan Anishinaabek => jobs_source_type=unknown, confidence=0.5
2026-09-01T08:37:27.708Z [INFO] first_nation:Aroland => jobs_source_type=manual_review, confidence=0.0
2026-09-01T08:38:46.955Z [INFO] first_nation:Apitipi Anicinapek Nation => jobs_source_type=unknown, confidence=0.5
2026-09-01T08:39:01.655Z [INFO] first_nation:Atikameksheng Anishnawbek => jobs_source_type=ats_bamboohr, confidence=1.0
2026-09-01T08:39:02.739Z [INFO] first_nation:Bay of Quinte Mohawk => jobs_source_type=manual_review, confidence=0.0
2026-09-01T08:39:07.086Z [INFO] first_nation:Bearfoot Onondaga => jobs_source_type=manual_review, confidence=0.0
2026-09-01T08:39:08.421Z [INFO] first_nation:Bearskin Lake => jobs_source_type=unknown, confidence=0.5
2026-09-01T08:39:43.356Z [INFO] first_nation:Alderville First Nation => jobs_source_type=html_list, confidence=0.8
2026-09-01T08:39:44.461Z [INFO] first_nation:Biigtigong Nishnaabeg => jobs_source_type=manual_review, confidence=0.0
2026-09-01T08:39:51.677Z [INFO] first_nation:Beausoleil => jobs_source_type=html_list, confidence=0.8
2026-09-01T08:39:51.959Z [INFO] first_nation:Aamjiwnaang => jobs_source_type=html_list, confidence=0.8
2026-09-01T08:40:03.587Z [INFO] first_nation:Aundeck-Omni-Kaning => jobs_source_type=manual_review, confidence=0.0
2026-09-01T08:40:17.057Z [INFO] first_nation:Biinjitiwaabik Zaaging Anishinaabek => jobs_source_type=unknown, confidence=0.5
2026-09-01T08:40:26.040Z [INFO] first_nation:Cat Lake => jobs_source_type=unknown, confidence=0.5
2026-09-01T08:40:31.698Z [INFO] first_nation:Caldwell => jobs_source_type=html_list, confidence=0.8
2026-09-01T08:41:00.963Z [INFO] first_nation:Attawapiskat => jobs_source_type=html_list, confidence=0.8
2026-09-01T08:41:38.494Z [INFO] first_nation:Brunswick House => jobs_source_type=manual_review, confidence=0.0
2026-09-01T08:41:54.194Z [INFO] first_nation:Chippewas of Georgina Island => jobs_source_type=html_list, confidence=0.8
2026-09-01T08:42:50.806Z [INFO] first_nation:Chapleau Cree First Nation => jobs_source_type=html_list, confidence=0.8
2026-09-01T08:43:24.110Z [INFO] first_nation:Chippewas of Kettle and Stony Point => jobs_source_type=html_list, confidence=0.8
2026-09-01T08:43:28.174Z [INFO] first_nation:Chippewas of Rama First Nation => jobs_source_type=manual_review, confidence=0.0
2026-09-01T08:43:47.846Z [INFO] first_nation:Bingwi Neyaashi Anishinaabek => jobs_source_type=html_list, confidence=0.8
2026-09-01T08:43:52.876Z [INFO] first_nation:Couchiching First Nation => jobs_source_type=html_list, confidence=0.8
2026-09-01T08:44:28.278Z [INFO] first_nation:Constance Lake => jobs_source_type=manual_review, confidence=0.0
2026-09-01T08:44:45.669Z [INFO] first_nation:Chapleau Ojibway => jobs_source_type=html_list, confidence=0.8
2026-09-01T08:44:48.767Z [INFO] first_nation:Delaware => jobs_source_type=manual_review, confidence=0.0
2026-09-01T08:44:56.145Z [INFO] first_nation:Curve Lake => jobs_source_type=manual_review, confidence=0.0
2026-09-01T08:44:56.967Z [INFO] first_nation:Chippewas of Nawash First Nation => jobs_source_type=unknown, confidence=0.5
2026-09-01T08:45:19.368Z [INFO] first_nation:Eabametoong First Nation => jobs_source_type=manual_review, confidence=0.0
2026-09-01T08:46:21.882Z [INFO] first_nation:Dokis => jobs_source_type=html_list, confidence=0.8
2026-09-01T08:47:46.542Z [INFO] first_nation:Eagle Lake => jobs_source_type=html_list, confidence=0.8
2026-09-01T08:47:56.135Z [INFO] first_nation:Chippewas of the Thames First Nation => jobs_source_type=unknown, confidence=0.5
2026-09-01T08:48:44.222Z [INFO] first_nation:Batchewana First Nation => jobs_source_type=manual_review, confidence=0.0
2026-09-01T08:48:49.083Z [INFO] first_nation:Fort Severn => jobs_source_type=unknown, confidence=0.5
2026-09-01T08:48:53.518Z [INFO] first_nation:Ginoogaming First Nation => jobs_source_type=manual_review, confidence=0.0
2026-09-01T08:48:56.512Z [INFO] first_nation:Grassy Narrows First Nation => jobs_source_type=manual_review, confidence=0.0
2026-09-01T08:48:59.549Z [INFO] first_nation:Gull Bay => jobs_source_type=manual_review, confidence=0.0
2026-09-01T08:49:42.130Z [INFO] first_nation:Flying Post => jobs_source_type=html_list, confidence=0.8
2026-09-01T08:49:54.534Z [INFO] first_nation:Fort William => jobs_source_type=html_list, confidence=0.8
2026-09-01T08:49:55.658Z [INFO] first_nation:Iskatewizaagegan #39 Independent First Nation => jobs_source_type=manual_review, confidence=0.0
2026-09-01T08:49:57.171Z [INFO] first_nation:Henvey Inlet First Nation => jobs_source_type=html_list, confidence=0.8
2026-09-01T08:50:03.954Z [INFO] first_nation:Kasabonika Lake => jobs_source_type=manual_review, confidence=0.0
2026-09-01T08:50:05.599Z [INFO] first_nation:Kashechewan => jobs_source_type=manual_review, confidence=0.0
2026-09-01T08:50:14.617Z [INFO] first_nation:Garden River First Nation => jobs_source_type=unknown, confidence=0.5
2026-09-01T08:50:16.379Z [INFO] first_nation:Kitchenuhmaykoosib Inninuwug => jobs_source_type=html_list, confidence=0.8
2026-09-01T08:50:19.896Z [INFO] first_nation:Konadaha Seneca => jobs_source_type=manual_review, confidence=0.0
2026-09-01T08:50:48.012Z [INFO] first_nation:Lac Des Mille Lacs => jobs_source_type=html_list, confidence=0.8
2026-09-01T08:50:50.372Z [INFO] first_nation:Lac Seul => jobs_source_type=html_list, confidence=0.8
2026-09-01T08:50:59.024Z [INFO] first_nation:Long Lake No.58 First Nation => jobs_source_type=html_list, confidence=0.8
2026-09-01T08:51:02.084Z [INFO] first_nation:Lower Cayuga => jobs_source_type=manual_review, confidence=0.0
2026-09-01T08:51:06.119Z [INFO] first_nation:Lower Mohawk => jobs_source_type=manual_review, confidence=0.0
2026-09-01T08:51:39.484Z [INFO] first_nation:Kingfisher => jobs_source_type=html_list, confidence=0.8
2026-09-01T08:52:32.173Z [INFO] first_nation:Keewaywin First Nation => jobs_source_type=unknown, confidence=0.5
2026-09-01T08:52:32.861Z [INFO] first_nation:Hiawatha First Nation => jobs_source_type=ats_workday, confidence=1.0
2026-09-01T08:52:38.056Z [INFO] first_nation:Matachewan => jobs_source_type=html_list, confidence=0.8
2026-09-01T08:52:46.425Z [INFO] first_nation:Deer Lake => jobs_source_type=manual_review, confidence=0.0
2026-09-01T08:53:32.513Z [INFO] first_nation:Marten Falls First Nation => jobs_source_type=manual_review, confidence=0.0
2026-09-01T08:53:42.510Z [INFO] first_nation:Mattagami => jobs_source_type=manual_review, confidence=0.0
2026-09-01T08:54:05.945Z [INFO] first_nation:M'Chigeeng First Nation => jobs_source_type=html_list, confidence=0.8
2026-09-01T08:54:44.463Z [INFO] first_nation:Missanabie Cree => jobs_source_type=html_list, confidence=0.8
2026-09-01T08:54:54.591Z [INFO] first_nation:Mississauga => jobs_source_type=html_list, confidence=0.8
2026-09-01T08:55:14.374Z [INFO] first_nation:McDowell Lake => jobs_source_type=unknown, confidence=0.5
2026-09-01T08:55:17.585Z [INFO] first_nation:Mishkeegogamang => jobs_source_type=unknown, confidence=0.5
2026-09-01T08:55:20.704Z [INFO] first_nation:Mitaanjigamiing First Nation => jobs_source_type=manual_review, confidence=0.0
2026-09-01T08:55:22.085Z [INFO] first_nation:Magnetawan => jobs_source_type=html_list, confidence=0.8
2026-09-01T08:55:22.719Z [INFO] first_nation:Mohawks of Akwesasne => jobs_source_type=html_list, confidence=0.8
2026-09-01T08:55:59.309Z [INFO] first_nation:Mohawks of the Bay of Quinte => jobs_source_type=manual_review, confidence=0.0
2026-09-01T08:56:10.957Z [INFO] first_nation:Mississaugas of Scugog Island First Nation => jobs_source_type=html_list, confidence=0.8
2026-09-01T08:56:12.077Z [INFO] first_nation:Moravian of the Thames => jobs_source_type=manual_review, confidence=0.0
2026-09-01T08:56:13.181Z [INFO] first_nation:Moose Deer Point => jobs_source_type=unknown, confidence=0.5
2026-09-01T08:56:15.099Z [INFO] first_nation:Munsee-Delaware Nation => jobs_source_type=html_list, confidence=0.8
2026-09-01T08:56:16.731Z [INFO] first_nation:Muskrat Dam Lake => jobs_source_type=html_list, confidence=0.8
2026-09-01T08:56:25.974Z [INFO] first_nation:Moose Cree First Nation => jobs_source_type=manual_review, confidence=0.0
2026-09-01T08:56:29.033Z [INFO] first_nation:Naotkamegwanning => jobs_source_type=manual_review, confidence=0.0
2026-09-01T08:56:39.232Z [INFO] first_nation:Musk-kosiminiziibing => jobs_source_type=html_list, confidence=0.8
2026-09-01T08:57:01.142Z [INFO] first_nation:Gakijiwanong Anishinaabe Nation => jobs_source_type=manual_review, confidence=0.0
2026-09-01T08:57:36.278Z [INFO] first_nation:Nibinamik First Nation => jobs_source_type=manual_review, confidence=0.0
2026-09-01T08:57:41.190Z [INFO] first_nation:Netmizaaggamig Nishnaabeg => jobs_source_type=html_list, confidence=0.8
2026-09-01T08:57:43.987Z [INFO] first_nation:Neskantaga First Nation => jobs_source_type=unknown, confidence=0.5
2026-09-01T08:57:44.240Z [INFO] first_nation:Niharondasa Seneca => jobs_source_type=manual_review, confidence=0.0
2026-09-01T08:58:15.735Z [INFO] first_nation:Mississaugas of the Credit => jobs_source_type=unknown, confidence=0.5
2026-09-01T08:58:16.987Z [INFO] first_nation:North Caribou Lake => jobs_source_type=unknown, confidence=0.5
2026-09-01T08:58:19.173Z [INFO] first_nation:Michipicoten => jobs_source_type=ats_bamboohr, confidence=1.0
2026-09-01T08:58:21.238Z [INFO] first_nation:Northwest Angle No.33 => jobs_source_type=manual_review, confidence=0.0
2026-09-01T08:58:26.801Z [INFO] first_nation:Ojibway Nation of Saugeen => jobs_source_type=manual_review, confidence=0.0
2026-09-01T08:58:30.223Z [INFO] first_nation:Niisaachewan Anishinaabe Nation => jobs_source_type=manual_review, confidence=0.0
2026-09-01T08:58:31.240Z [INFO] first_nation:Nipissing First Nation => jobs_source_type=manual_review, confidence=0.0
2026-09-01T08:58:32.335Z [INFO] first_nation:Oneida => jobs_source_type=manual_review, confidence=0.0
2026-09-01T08:58:36.301Z [INFO] first_nation:Onondaga Clear Sky => jobs_source_type=manual_review, confidence=0.0
2026-09-01T08:58:55.744Z [INFO] first_nation:North Spirit Lake => jobs_source_type=manual_review, confidence=0.0
2026-09-01T08:58:57.252Z [INFO] first_nation:Pikangikum => jobs_source_type=html_list, confidence=0.8
2026-09-01T08:59:05.913Z [INFO] first_nation:Nigigoonsiminikaaning First Nation => jobs_source_type=unknown, confidence=0.5
2026-09-01T09:00:42.051Z [INFO] first_nation:Ojibways of Onigaming First Nation => jobs_source_type=html_list, confidence=0.8
2026-09-01T09:01:10.653Z [INFO] first_nation:Red Rock => jobs_source_type=html_list, confidence=0.8
2026-09-01T09:01:11.904Z [INFO] first_nation:Sachigo Lake => jobs_source_type=unknown, confidence=0.5
2026-09-01T09:01:24.976Z [INFO] first_nation:Poplar Hill => jobs_source_type=unknown, confidence=0.5
2026-09-01T09:01:27.457Z [INFO] first_nation:Sandy Lake => jobs_source_type=manual_review, confidence=0.0
2026-09-01T09:01:42.980Z [INFO] first_nation:Sagamok Anishnawbek => jobs_source_type=html_list, confidence=0.8
2026-09-01T09:02:18.086Z [INFO] first_nation:Rainy River First Nations => jobs_source_type=html_list, confidence=0.8
2026-09-01T09:02:59.865Z [INFO] first_nation:Pays Plat => jobs_source_type=unknown, confidence=0.5
2026-09-01T09:03:05.637Z [INFO] first_nation:Seine River First Nation => jobs_source_type=manual_review, confidence=0.0
2026-09-01T09:03:52.444Z [INFO] first_nation:Shawanaga First Nation => jobs_source_type=manual_review, confidence=0.0
2026-09-01T09:04:19.835Z [INFO] first_nation:Sheshegwaning => jobs_source_type=unknown, confidence=0.5
2026-09-01T09:05:23.715Z [INFO] first_nation:Serpent River => jobs_source_type=html_list, confidence=0.8
2026-09-01T09:06:04.349Z [INFO] first_nation:Sheguiandah => jobs_source_type=html_list, confidence=0.8
2026-09-01T09:06:05.606Z [INFO] first_nation:Slate Falls Nation => jobs_source_type=unknown, confidence=0.5
2026-09-01T09:06:13.800Z [INFO] first_nation:Naicatchewenin => jobs_source_type=manual_review, confidence=0.0
2026-09-01T09:08:28.629Z [INFO] first_nation:Oneida Nation of the Thames => jobs_source_type=manual_review, confidence=0.0
2026-09-01T09:08:45.387Z [INFO] first_nation:Saugeen => jobs_source_type=html_list, confidence=0.8
2026-09-01T09:08:47.491Z [INFO] first_nation:Tuscarora => jobs_source_type=manual_review, confidence=0.0
2026-09-01T09:08:51.454Z [INFO] first_nation:Upper Cayuga => jobs_source_type=manual_review, confidence=0.0
2026-09-01T09:08:53.535Z [INFO] first_nation:Thessalon => jobs_source_type=manual_review, confidence=0.0
2026-09-01T09:08:54.486Z [INFO] first_nation:Six Nations of the Grand River => jobs_source_type=html_list, confidence=0.8
2026-09-01T09:08:58.458Z [INFO] first_nation:Upper Mohawk => jobs_source_type=manual_review, confidence=0.0
2026-09-01T09:08:59.434Z [INFO] first_nation:Wabauskang First Nation => jobs_source_type=manual_review, confidence=0.0
2026-09-01T09:09:00.066Z [INFO] first_nation:Teme Augama Anishinabek => jobs_source_type=unknown, confidence=0.5
2026-09-01T09:09:01.653Z [INFO] first_nation:Wabigoon Lake Ojibway Nation => jobs_source_type=html_list, confidence=0.8
2026-09-01T09:09:04.732Z [INFO] first_nation:Walker Mohawk => jobs_source_type=manual_review, confidence=0.0
2026-09-01T09:09:29.400Z [INFO] first_nation:Wahnapitae => jobs_source_type=html_list, confidence=0.8
2026-09-01T09:09:31.778Z [INFO] first_nation:Walpole Island => jobs_source_type=html_list, confidence=0.8
2026-09-01T09:09:56.329Z [INFO] first_nation:Taykwa Tagamou Nation => jobs_source_type=html_list, confidence=0.8
2026-09-01T09:09:58.402Z [INFO] first_nation:Washagamis Bay => jobs_source_type=manual_review, confidence=0.0
2026-09-01T09:10:31.415Z [INFO] first_nation:Wahta Mohawk => jobs_source_type=manual_review, confidence=0.0
2026-09-01T09:11:02.528Z [INFO] first_nation:Wabaseemoong Independent Nations => jobs_source_type=html_list, confidence=0.8
2026-09-01T09:11:05.603Z [INFO] first_nation:Weenusk => jobs_source_type=manual_review, confidence=0.0
2026-09-01T09:11:10.758Z [INFO] first_nation:Wapekeka => jobs_source_type=manual_review, confidence=0.0
2026-09-01T09:11:17.075Z [INFO] first_nation:Whitefish River => jobs_source_type=ats_bamboohr, confidence=1.0
2026-09-01T09:11:28.720Z [INFO] first_nation:Wawakapewin => jobs_source_type=html_list, confidence=0.8
2026-09-01T09:11:39.531Z [INFO] first_nation:Webequie => jobs_source_type=unknown, confidence=0.5
2026-09-01T09:11:53.554Z [INFO] first_nation:Zhiibaahaasing First Nation => jobs_source_type=unknown, confidence=0.5
2026-09-01T09:12:09.131Z [INFO] first_nation:Wasauksing First Nation => jobs_source_type=ats_bamboohr, confidence=1.0
2026-09-01T09:12:33.729Z [INFO] first_nation:Wikwemikong => jobs_source_type=unknown, confidence=0.5
2026-09-01T09:14:17.047Z [INFO] first_nation:Shoal Lake No.40 => jobs_source_type=manual_review, confidence=0.0
2026-09-01T09:21:08.399Z [INFO] first_nation:Whitesand => jobs_source_type=manual_review, confidence=0.0
2026-09-01T09:21:26.556Z [INFO] first_nation:Wunnumin => jobs_source_type=manual_review, confidence=0.0
2026-09-01T09:21:26.562Z [INFO] total_orgs=583
2026-09-01T09:21:26.562Z [INFO] with_jobs_url=442
2026-09-01T09:21:26.562Z [INFO] manual_review_total=141
2026-09-01T09:21:26.562Z [INFO] unknown_total=65
2026-09-01T09:21:26.562Z [INFO] manual_review_flag_total=206
2026-09-01T09:21:26.585Z === Discovery run finished 2026-09-01T09:21:26.585Z ===
