2026-08-31T14:57:57.936Z === Weekly run started 2026-08-31T14:57:57.936Z ===
2026-08-31T14:57:58.008Z [INFO] run_id=25
2026-08-31T14:57:58.009Z [INFO] eligible_orgs=458
2026-08-31T14:57:58.009Z [INFO] unique_jobs_url_groups=447
2026-08-31T14:59:40.339Z [WARN] URL unreachable after repair attempts: http://nalgonawil.com/opportunities-tenders
2026-08-31T14:59:42.914Z [WARN] URL repaired: http://www.bayham.on.ca/municipal-office/career-opportunities -> https://www.bayham.on.ca/municipal-office/career-opportunities
2026-08-31T15:01:47.385Z [WARN] URL unreachable after repair attempts: http://www.bnafn.ca/employment-opportunities
2026-08-31T15:01:48.789Z [WARN] URL repaired: http://www.hbmtwp.ca/township-services/careers-and-volunteering -> https://www.hbmtwp.ca/township-services/careers-and-volunteering
2026-08-31T15:01:51.243Z [WARN] URL repaired: http://www.kapuskasing.ca/council-administration/employment-opportunities -> https://www.kapuskasing.ca/council-administration/employment-opportunities
2026-08-31T15:01:56.747Z [WARN] URL repaired: http://www.stirling-rawdon.com/business-development/careers -> https://www.stirling-rawdon.com/business-development/careers
2026-08-31T15:01:58.774Z [WARN] URL repaired: http://www.twpbrm.ca/your-township-government/employment-opportunities -> https://www.twpbrm.ca/your-township-government/employment-opportunities
2026-08-31T15:03:56.671Z [WARN] URL unreachable after repair attempts: https://adjtos.ca/municipal-government/employment-opportunities
2026-08-31T15:06:20.551Z [WARN] URL unreachable after repair attempts: https://admastonbromley.com/employment-opportunities-tenders
2026-08-31T15:08:06.321Z [WARN] URL unreachable after repair attempts: https://alberton.ca/employment
2026-08-31T15:09:49.006Z [WARN] URL unreachable after repair attempts: https://alderville.ca/employment-opportunities
2026-08-31T15:11:35.942Z [WARN] URL unreachable after repair attempts: https://apitipi.ca/employment
2026-08-31T15:13:17.503Z [WARN] URL unreachable after repair attempts: https://atikamekshenganishnawbek.ca/employment-tenders
2026-08-31T15:15:06.887Z [WARN] URL unreachable after repair attempts: https://augusta.ca/employment
2026-08-31T15:15:10.084Z [WARN] URL unreachable after repair attempts: https://aylmer.ca/town-hall/request-for-proposal
2026-08-31T15:16:52.115Z [WARN] URL unreachable after repair attempts: https://blrtownship.ca/article/employment
2026-08-31T15:18:33.807Z [WARN] URL unreachable after repair attempts: https://brockville.com/careers
2026-08-31T15:18:37.863Z [WARN] URL unreachable after repair attempts: https://brookealvinston.com/residents/employment-opportunities-2
2026-08-31T15:20:19.847Z [WARN] URL unreachable after repair attempts: https://brucemines.ca/government/employment-opportunities
2026-08-31T15:22:16.546Z [WARN] URL unreachable after repair attempts: https://casey.ca/2025/12/03/job-opportunity-road-superintendent
2026-08-31T15:23:57.943Z [WARN] URL unreachable after repair attempts: https://chapleau.ca/business/resources/employment-volunteer-opportunities
2026-08-31T15:25:46.926Z [WARN] URL unreachable after repair attempts: https://chapleaucree.ca/employment-opportunities
2026-08-31T15:27:28.520Z [WARN] URL unreachable after repair attempts: https://chapple.on.ca/employment
2026-08-31T15:28:46.819Z [WARN] URL unreachable after repair attempts: https://chatsworth.ca/government/employment-opportunities
2026-08-31T15:30:28.142Z [WARN] URL unreachable after repair attempts: https://cobalt.ca/residents/municipal-services/employment-opportunities
2026-08-31T15:32:09.732Z [WARN] URL unreachable after repair attempts: https://cochraneontario.com/living/employment-opportunities
2026-08-31T15:32:20.238Z [WARN] URL unreachable after repair attempts: https://constancelake.ca/work-for-us
2026-08-31T15:35:23.659Z [WARN] URL unreachable after repair attempts: https://cottfn.com/departments/employment-and-training
2026-08-31T15:37:18.268Z [WARN] URL unreachable after repair attempts: https://dokis.ca/employment-services
2026-08-31T15:39:29.096Z [WARN] URL unreachable after repair attempts: https://dubreuilville.ca/township/employment-opportunities
2026-08-31T15:42:09.428Z [WARN] URL unreachable after repair attempts: https://eaglelakefn.ca/employment
2026-08-31T15:43:51.545Z [WARN] URL unreachable after repair attempts: https://ear-falls.com/business/employment
2026-08-31T15:46:20.662Z [WARN] URL unreachable after repair attempts: https://emo.ca/tenders-careers
2026-08-31T15:48:07.195Z [WARN] URL unreachable after repair attempts: https://fwfn.com/employment
2026-08-31T15:49:00.840Z [WARN] URL unreachable after repair attempts: https://guelph.ca/living/volunteer-opportunities
2026-08-31T15:52:24.741Z [WARN] URL unreachable after repair attempts: https://huronshores.ca/business/employment
2026-08-31T15:54:16.616Z [WARN] URL unreachable after repair attempts: https://jocelyn.ca/township-office/employment-opportunities
2026-08-31T15:55:58.894Z [WARN] URL unreachable after repair attempts: https://kettlepoint.org/four-winds-community-employment-services
2026-08-31T15:57:44.018Z [WARN] URL unreachable after repair attempts: https://lairdtownship.ca/employment-opportunities
2026-08-31T15:57:46.308Z [WARN] URL unreachable after repair attempts: https://lennox-addington.on.ca/careers
2026-08-31T15:59:40.806Z [WARN] URL unreachable after repair attempts: https://markstay-warren.ca/municipal-services/career-opportunities
2026-08-31T15:59:44.856Z [WARN] URL unreachable after repair attempts: https://marmoraandlake.ca/careers
2026-08-31T15:59:56.417Z [WARN] URL unreachable after repair attempts: https://martenfalls.com/
2026-08-31T16:01:50.832Z [WARN] URL unreachable after repair attempts: https://mchigeeng.ca/employment
2026-08-31T16:03:37.007Z [WARN] URL unreachable after repair attempts: https://melancthontownship.ca/municipal-services/employment-opportunity
2026-08-31T16:08:23.081Z [WARN] URL unreachable after repair attempts: https://michipicoten.com/aboriginal-job-opportunities
2026-08-31T16:10:19.900Z [WARN] URL unreachable after repair attempts: https://mishkeegogamang.ca/services/education
2026-08-31T16:10:21.956Z [WARN] URL unreachable after repair attempts: https://mitaanjigamiing.ca/jobs
2026-08-31T16:12:06.199Z [WARN] URL unreachable after repair attempts: https://mncfn.ca/departments/employment-training-2
2026-08-31T16:12:09.290Z [WARN] URL repaired: https://myavanti.ca/WorkAtWelland -> https://welland.myavanti.ca/careers
2026-08-31T16:13:55.798Z [WARN] URL unreachable after repair attempts: https://nairncentre.ca/municipal-services/job-opportunities
2026-08-31T16:15:37.895Z [WARN] URL unreachable after repair attempts: https://nawash.ca/employment
2026-08-31T16:17:18.267Z [WARN] URL unreachable after repair attempts: https://neskantaga.com/employment
2026-08-31T16:18:31.706Z [WARN] URL unreachable after repair attempts: https://nigigoonsiminikaaning.ca/category/employment
2026-08-31T16:18:45.792Z [WARN] URL unreachable after repair attempts: https://nipissingtownship.com/draft-council-vacancy-procedure-by-law
2026-08-31T16:20:31.815Z [WARN] URL unreachable after repair attempts: https://northumberland.ca/county-government/careers
2026-08-31T16:22:16.215Z [WARN] URL unreachable after repair attempts: https://petawawa.ca/town-hall/employment-opportunities
2026-08-31T16:24:07.483Z [WARN] URL unreachable after repair attempts: https://plummertownship.ca/township-office/employment-opportunities
2026-08-31T16:25:52.296Z [WARN] URL unreachable after repair attempts: https://ppfn.ca/careers
2026-08-31T16:26:52.095Z [WARN] URL unreachable after repair attempts: https://puslinch.ca/doing-business/careers
2026-08-31T16:28:35.485Z [WARN] URL unreachable after repair attempts: https://rainyriverfirstnations.com/careers
2026-08-31T16:30:43.781Z [WARN] URL unreachable after repair attempts: https://redrocktownship.com/community/employment-opportunities
2026-08-31T16:35:31.428Z [WARN] URL unreachable after repair attempts: https://saugeenfirstnation.com/employment-opportunities
2026-08-31T16:37:13.798Z [WARN] URL unreachable after repair attempts: https://saultstemarie.ca/live/fire-services/firefighter-recruitment
2026-08-31T16:39:58.009Z [WARN] URL unreachable after repair attempts: https://serpentriverfn.com/employment-opportunites/job_postings
2026-08-31T16:42:54.822Z [WARN] URL unreachable after repair attempts: https://sheguiandahfn.ca/employment
2026-08-31T16:44:38.286Z [WARN] URL unreachable after repair attempts: https://smoothrockfalls.ca/living/employment
2026-08-31T16:46:20.817Z [WARN] URL unreachable after repair attempts: https://stjosephtownship.com/jobs
2026-08-31T16:48:03.576Z [WARN] URL unreachable after repair attempts: https://taykwatagamou.com/about/careers
2026-08-31T16:50:01.058Z [WARN] URL unreachable after repair attempts: https://temagamifirstnation.ca/employment
2026-08-31T16:52:23.605Z [WARN] URL unreachable after repair attempts: https://thessalon.ca/council-and-government/employment-opportunities
2026-08-31T16:54:13.301Z [WARN] URL unreachable after repair attempts: https://town.petrolia.on.ca/town-hall/employment
2026-08-31T16:56:02.946Z [WARN] URL unreachable after repair attempts: https://townshipofhilliard.ca/municipal-government/rfqs-and-rfps
2026-08-31T16:58:06.365Z [WARN] URL unreachable after repair attempts: https://townshipofperry.ca/employment-opportunities
2026-08-31T16:59:49.498Z [WARN] URL unreachable after repair attempts: https://townshipofthenorthshore.ca/governing/employment
2026-08-31T17:05:14.032Z [WARN] URL unreachable after repair attempts: https://valharty.ca/municipality/careers
2026-08-31T17:06:59.524Z [WARN] URL unreachable after repair attempts: https://wabaseemoong.ca/news/job-opportunities
2026-08-31T17:08:42.195Z [WARN] URL unreachable after repair attempts: https://wasauksing.ca/employment-opportunities
2026-08-31T17:08:57.782Z [WARN] URL unreachable after repair attempts: https://www.aamjiwnaang.ca/employment-opportunities-4
2026-08-31T17:11:27.399Z [WARN] URL unreachable after repair attempts: https://www.akrc.on.ca/category/employment
2026-08-31T17:11:47.818Z [WARN] URL unreachable after repair attempts: https://www.bancroft.ca/town_hall/employment_opportunities
2026-08-31T17:14:02.254Z [WARN] URL unreachable after repair attempts: https://www.centralfrontenac.com/township-office/employment-and-volunteering
2026-08-31T17:14:09.548Z [WARN] URL repaired: https://www.champlain.ca/government-council/careers-volunteering -> https://www.champlain.ca/job
2026-08-31T17:14:41.218Z [WARN] URL unreachable after repair attempts: https://www.dnetownship.ca/township-services/employment
2026-08-31T17:15:49.651Z [WARN] URL unreachable after repair attempts: https://www.dufferincounty.ca/dufferin-county-procurement
2026-08-31T17:17:44.710Z [WARN] URL unreachable after repair attempts: https://www.elgincounty.ca/living-here/careers
2026-08-31T17:18:11.444Z [WARN] URL unreachable after repair attempts: https://www.fauquierstrickland.com/avis/summer-student-employment-opportunity
2026-08-31T17:18:15.441Z [WARN] URL unreachable after repair attempts: https://www.frenchriver.ca/p/employment-opportunities-
2026-08-31T17:19:59.114Z [WARN] URL unreachable after repair attempts: https://www.frontenaccounty.ca/government/careers
2026-08-31T17:21:42.939Z [WARN] URL unreachable after repair attempts: https://www.gardenriver.org/site/category/employment
2026-08-31T17:24:16.447Z [WARN] URL unreachable after repair attempts: https://www.greatersudbury.ca/city-hall/jobs-at-the-city
2026-08-31T17:24:25.858Z [WARN] URL repaired: https://www.haltonhills.ca/en/your-government/careers.aspx -> https://www.haltonhills.ca/careers
2026-08-31T17:27:48.221Z [WARN] URL unreachable after repair attempts: https://www.hearst.ca/en/residents/foyer-des-pionniers/employment-opportunities
2026-08-31T17:31:17.301Z [WARN] URL unreachable after repair attempts: https://www.hiawathafirstnation.com/services-departments/employment
2026-08-31T17:33:08.267Z [WARN] URL unreachable after repair attempts: https://www.hiltontownship.ca/job-postings
2026-08-31T17:35:13.640Z [WARN] URL unreachable after repair attempts: https://www.huroncounty.ca/jobs
2026-08-31T17:35:19.439Z [WARN] URL unreachable after repair attempts: https://www.ignace.ca/residents/community/volunteer-opportunities
2026-08-31T17:37:18.601Z [WARN] URL unreachable after repair attempts: https://www.lakeofthewoods.ca/2026/06/09/intern-clerk-treasurer
2026-08-31T17:37:35.467Z [WARN] URL unreachable after repair attempts: https://www.lambtononline.ca/en/resident-services/employment-services.aspx
2026-08-31T17:39:26.411Z [WARN] URL unreachable after repair attempts: https://www.larderlake.ca/municipal-services/careers
2026-08-31T17:39:31.924Z [WARN] URL unreachable after repair attempts: https://www.latchford.ca/employment-opportunity
2026-08-31T17:39:40.429Z [WARN] URL unreachable after repair attempts: https://www.leedsgrenville.com/services/employment-centres
2026-08-31T17:39:57.920Z [WARN] URL unreachable after repair attempts: https://www.lincoln.ca/careers-volunteering-0
2026-08-31T17:41:59.910Z [WARN] URL unreachable after repair attempts: https://www.magfn.com/careers
2026-08-31T17:42:05.853Z [WARN] URL unreachable after repair attempts: https://www.manitouwadge.ca/residents/job-bank
2026-08-31T17:43:55.343Z [WARN] URL unreachable after repair attempts: https://www.meaford.ca/en/our-government/careers.aspx
2026-08-31T17:43:57.643Z [WARN] URL unreachable after repair attempts: https://www.merrickville-wolford.ca/career-opportunities
2026-08-31T17:45:48.175Z [WARN] URL unreachable after repair attempts: https://www.mississauga.ca/our-organization/jobs-and-volunteer
2026-08-31T17:45:54.119Z [WARN] URL unreachable after repair attempts: https://www.montaguetownship.ca/government/media-centre/employment-opportunities
2026-08-31T17:47:43.792Z [WARN] URL unreachable after repair attempts: https://www.moosonee.ca/careers
2026-08-31T17:49:33.569Z [WARN] URL unreachable after repair attempts: https://www.newtecumseth.ca/work-here
2026-08-31T17:49:37.102Z [WARN] URL unreachable after repair attempts: https://www.nipigon.net/invest-grow/business-development/employment-opportunities
2026-08-31T17:52:35.032Z [WARN] URL unreachable after repair attempts: https://www.northfrontenac.com/township-services/careers-and-volunteering
2026-08-31T17:54:30.576Z [WARN] URL unreachable after repair attempts: https://www.oakville.ca/town-hall/careers
2026-08-31T17:56:21.521Z [WARN] URL unreachable after repair attempts: https://www.oconnortownship.ca/careers
2026-08-31T17:57:00.386Z [WARN] URL unreachable after repair attempts: https://www.pelee.org/municipality/employment
2026-08-31T17:57:26.841Z [WARN] URL unreachable after repair attempts: https://www.rideaulakes.ca/town-hall/services/employment-opportunities
2026-08-31T17:57:28.674Z [WARN] URL repaired: https://www.russell.ca/en/your-township/job-postings.aspx -> https://russell.ca/
2026-08-31T17:59:15.802Z [WARN] URL unreachable after repair attempts: https://www.sables-spanish.ca/employment-opportunities
2026-08-31T18:01:04.563Z [WARN] URL unreachable after repair attempts: https://www.scugogfirstnation.com/careers
2026-08-31T18:02:53.131Z [WARN] URL unreachable after repair attempts: https://www.shibogama.on.ca/jobs
2026-08-31T18:04:39.928Z [WARN] URL unreachable after repair attempts: https://www.shuniah.org/documents/employment
2026-08-31T18:06:08.384Z [WARN] URL unreachable after repair attempts: https://www.sixnations.ca/careers
2026-08-31T18:07:53.687Z [WARN] URL unreachable after repair attempts: https://www.southalgonquin.ca/article/employment
2026-08-31T18:08:05.329Z [WARN] URL unreachable after repair attempts: https://www.southwold.ca/en/municipal-office/employment.aspx
2026-08-31T18:12:50.121Z [WARN] URL unreachable after repair attempts: https://www.terracebay.ca/living-here/community/employment-opportunities
2026-08-31T18:14:50.542Z [WARN] URL unreachable after repair attempts: https://www.thecounty.ca/residents/employment
2026-08-31T18:16:38.865Z [WARN] URL unreachable after repair attempts: https://www.toronto.ca/community-people/employment-social-support
2026-08-31T18:16:50.306Z [WARN] URL repaired: https://www.townshipofjoly.com/en/contacts/job-opportunities -> https://townshipofjoly.com/en/contacts/job-opportunities
2026-08-31T18:16:57.166Z [WARN] URL unreachable after repair attempts: https://www.tweed.ca/bidopportunitiesc12
2026-08-31T18:19:47.279Z [WARN] URL unreachable after repair attempts: https://www.wabuntribalcouncil.ca/careers
2026-08-31T18:21:43.069Z [WARN] URL unreachable after repair attempts: https://www.wiikwemkoong.ca/employment-opportunities-for-college-university-students
2026-08-31T18:21:49.065Z [WARN] Email send failed: Error: Invalid login: 535 5.7.8 Authentication failed
2026-08-31T18:21:52.519Z [INFO] Google Sheets sync complete: updated=1884 inserted=57
2026-08-31T18:21:52.526Z [INFO] total_orgs_in_csv=583
2026-08-31T18:21:52.526Z [INFO] eligible_orgs_count=458
2026-08-31T18:21:52.526Z [INFO] unique_jobs_url_groups_count=447
2026-08-31T18:21:52.526Z [INFO] jobs_url_group_max_size=4
2026-08-31T18:21:52.527Z [INFO] groups_scraped_count=325
2026-08-31T18:21:52.527Z [INFO] groups_skipped_unreachable_count=122
2026-08-31T18:21:52.527Z [INFO] orgs_skipped_low_confidence_count=125
2026-08-31T18:21:52.527Z [INFO] url_repair_attempted_count=447
2026-08-31T18:21:52.527Z [INFO] url_repair_success_count=10
2026-08-31T18:21:52.527Z [INFO] extra_attribution_associations_count=10
2026-08-31T18:21:52.527Z [INFO] new_postings_count=57
2026-08-31T18:21:52.528Z [INFO] email_sent=false
2026-08-31T18:21:52.550Z === Weekly run finished 2026-08-31T18:21:52.550Z ===
