2026-09-28T15:07:46.141Z === Weekly run started 2026-09-28T15:07:46.141Z ===
2026-09-28T15:07:46.185Z [INFO] run_id=29
2026-09-28T15:07:46.185Z [INFO] eligible_orgs=442
2026-09-28T15:07:46.185Z [INFO] unique_jobs_url_groups=431
2026-09-28T15:09:18.554Z [WARN] URL unreachable after repair attempts: http://nalgonawil.com/opportunities-tenders
2026-09-28T15:09:20.797Z [WARN] URL repaired: http://www.algonquinhighlands.ca/municipal-services/employment-and-volunteer-opportunities -> https://www.algonquinhighlands.ca/municipal-services/employment-and-volunteer-opportunities
2026-09-28T15:09:22.840Z [WARN] URL repaired: http://www.bayham.on.ca/municipal-office/career-opportunities -> https://www.bayham.on.ca/municipal-office/career-opportunities
2026-09-28T15:11:23.331Z [WARN] URL unreachable after repair attempts: http://www.bnafn.ca/employment-opportunities
2026-09-28T15:11:24.475Z [WARN] URL repaired: http://www.hbmtwp.ca/township-services/careers-and-volunteering -> https://www.hbmtwp.ca/township-services/careers-and-volunteering
2026-09-28T15:14:27.165Z [WARN] URL unreachable after repair attempts: http://www.hearst.ca/en/residents/foyer-des-pionniers/employment-opportunities
2026-09-28T15:14:28.546Z [WARN] URL repaired: http://www.kapuskasing.ca/council-administration/employment-opportunities -> https://www.kapuskasing.ca/council-administration/employment-opportunities
2026-09-28T15:14:33.035Z [WARN] URL repaired: http://www.stirling-rawdon.com/business-development/careers -> https://www.stirling-rawdon.com/business-development/careers
2026-09-28T15:14:35.083Z [WARN] URL repaired: http://www.twpbrm.ca/your-township-government/employment-opportunities -> https://www.twpbrm.ca/your-township-government/employment-opportunities
2026-09-28T15:14:37.093Z [WARN] URL repaired: http://www.uccmm.ca/employment-opportunities.html -> https://www.uccmm.ca/employment-opportunities.html
2026-09-28T15:17:28.158Z [WARN] URL unreachable after repair attempts: https://adjtos.ca/municipal-government/employment-opportunities
2026-09-28T15:19:20.659Z [WARN] URL unreachable after repair attempts: https://admastonbromley.com/employment-opportunities-tenders
2026-09-28T15:21:02.054Z [WARN] URL unreachable after repair attempts: https://alberton.ca/employment
2026-09-28T15:22:45.597Z [WARN] URL unreachable after repair attempts: https://alderville.ca/employment-opportunities
2026-09-28T15:24:31.809Z [WARN] URL unreachable after repair attempts: https://apitipi.ca/employment
2026-09-28T15:26:13.951Z [WARN] URL unreachable after repair attempts: https://atikamekshenganishnawbek.ca/employment-tenders
2026-09-28T15:28:02.391Z [WARN] URL unreachable after repair attempts: https://attawapiskat.org/careers
2026-09-28T15:29:48.649Z [WARN] URL unreachable after repair attempts: https://augusta.ca/employment
2026-09-28T15:31:30.304Z [WARN] URL unreachable after repair attempts: https://aylmer.ca/town-hall/employment-opportunities
2026-09-28T15:33:12.800Z [WARN] URL unreachable after repair attempts: https://blrtownship.ca/article/employment
2026-09-28T15:34:54.400Z [WARN] URL unreachable after repair attempts: https://brockville.com/careers
2026-09-28T15:36:35.955Z [WARN] URL unreachable after repair attempts: https://brucemines.ca/government/employment-opportunities
2026-09-28T15:38:23.786Z [WARN] URL unreachable after repair attempts: https://casey.ca/2025/12/03/job-opportunity-road-superintendent
2026-09-28T15:40:04.538Z [WARN] URL unreachable after repair attempts: https://chapleau.ca/business/resources/employment-volunteer-opportunities
2026-09-28T15:44:03.142Z [WARN] URL unreachable after repair attempts: https://chapleaucree.ca/employment-opportunities
2026-09-28T15:45:43.472Z [WARN] URL unreachable after repair attempts: https://chapple.on.ca/employment
2026-09-28T15:47:01.692Z [WARN] URL unreachable after repair attempts: https://chatsworth.ca/government/employment-opportunities
2026-09-28T15:48:42.925Z [WARN] URL unreachable after repair attempts: https://cobalt.ca/residents/municipal-services/employment-opportunities
2026-09-28T15:50:24.549Z [WARN] URL unreachable after repair attempts: https://cochraneontario.com/living/employment-opportunities
2026-09-28T15:53:19.009Z [WARN] URL unreachable after repair attempts: https://cottfn.com/departments/employment-and-training
2026-09-28T15:55:13.642Z [WARN] URL unreachable after repair attempts: https://dokis.ca/employment-services
2026-09-28T15:56:57.987Z [WARN] URL unreachable after repair attempts: https://dubreuilville.ca/township/employment-opportunities
2026-09-28T15:59:24.346Z [WARN] URL unreachable after repair attempts: https://eaglelakefn.ca/employment
2026-09-28T15:59:29.419Z [WARN] URL unreachable after repair attempts: https://ear-falls.com/business/employment
2026-09-28T16:01:18.539Z [WARN] URL unreachable after repair attempts: https://emo.ca/tenders-careers
2026-09-28T16:03:07.805Z [WARN] URL unreachable after repair attempts: https://fwfn.com/employment
2026-09-28T16:04:48.110Z [WARN] URL unreachable after repair attempts: https://guelph.ca/employment-careers/careers-jobs
2026-09-28T16:08:17.444Z [WARN] URL unreachable after repair attempts: https://huronshores.ca/business/employment
2026-09-28T16:10:05.577Z [WARN] URL unreachable after repair attempts: https://jocelyn.ca/township-office/employment-opportunities
2026-09-28T16:11:47.599Z [WARN] URL unreachable after repair attempts: https://kettlepoint.org/four-winds-community-employment-services
2026-09-28T16:13:31.498Z [WARN] URL unreachable after repair attempts: https://lairdtownship.ca/employment-opportunities
2026-09-28T16:15:24.571Z [WARN] URL unreachable after repair attempts: https://markstay-warren.ca/municipal-services/career-opportunities
2026-09-28T16:17:19.470Z [WARN] URL unreachable after repair attempts: https://mchigeeng.ca/employment
2026-09-28T16:19:04.461Z [WARN] URL unreachable after repair attempts: https://melancthontownship.ca/municipal-services/employment-opportunity
2026-09-28T16:23:23.054Z [WARN] URL unreachable after repair attempts: https://michipicoten.com/aboriginal-job-opportunities
2026-09-28T16:25:13.684Z [WARN] URL unreachable after repair attempts: https://mishkeegogamang.ca/services/education
2026-09-28T16:27:03.004Z [WARN] URL unreachable after repair attempts: https://mncfn.ca/departments/employment-training-2
2026-09-28T16:28:49.390Z [WARN] URL unreachable after repair attempts: https://nairncentre.ca/municipal-services/job-opportunities
2026-09-28T16:30:30.340Z [WARN] URL unreachable after repair attempts: https://nawash.ca/employment
2026-09-28T16:30:34.365Z [WARN] URL unreachable after repair attempts: https://neskantaga.com/employment
2026-09-28T16:31:37.213Z [WARN] URL unreachable after repair attempts: https://nigigoonsiminikaaning.ca/category/employment
2026-09-28T16:33:21.329Z [WARN] URL unreachable after repair attempts: https://petawawa.ca/town-hall/employment-opportunities
2026-09-28T16:35:10.268Z [WARN] URL unreachable after repair attempts: https://plummertownship.ca/township-office/employment-opportunities
2026-09-28T16:36:54.236Z [WARN] URL unreachable after repair attempts: https://ppfn.ca/careers
2026-09-28T16:37:53.103Z [WARN] URL unreachable after repair attempts: https://puslinch.ca/doing-business/careers
2026-09-28T16:39:35.829Z [WARN] URL unreachable after repair attempts: https://rainyriverfirstnations.com/careers
2026-09-28T16:41:29.143Z [WARN] URL unreachable after repair attempts: https://redrocktownship.com/community/employment-opportunities
2026-09-28T16:46:29.792Z [WARN] URL unreachable after repair attempts: https://saugeenfirstnation.com/employment-opportunities
2026-09-28T16:48:11.825Z [WARN] URL unreachable after repair attempts: https://saultstemarie.ca/live/fire-services/firefighter-recruitment
2026-09-28T16:50:44.941Z [WARN] URL unreachable after repair attempts: https://serpentriverfn.com/employment-opportunites/job_postings
2026-09-28T16:53:29.482Z [WARN] URL unreachable after repair attempts: https://sheguiandahfn.ca/employment
2026-09-28T16:55:12.900Z [WARN] URL unreachable after repair attempts: https://smoothrockfalls.ca/living/employment
2026-09-28T16:56:54.850Z [WARN] URL unreachable after repair attempts: https://stjosephtownship.com/jobs
2026-09-28T16:56:59.960Z [WARN] URL unreachable after repair attempts: https://tarbutt.ca/2026/08/25/current-job-posting-cao-clerk-deputy-treasurer
2026-09-28T16:58:43.865Z [WARN] URL unreachable after repair attempts: https://taykwatagamou.com/about/careers
2026-09-28T17:00:49.790Z [WARN] URL unreachable after repair attempts: https://temagamifirstnation.ca/employment
2026-09-28T17:05:48.001Z [WARN] URL unreachable after repair attempts: https://thessalon.ca/council-and-government/employment-opportunities
2026-09-28T17:07:36.528Z [WARN] URL unreachable after repair attempts: https://town.petrolia.on.ca/town-hall/employment
2026-09-28T17:09:20.377Z [WARN] URL unreachable after repair attempts: https://townshipofhilliard.ca/municipal-government/rfqs-and-rfps
2026-09-28T17:11:43.413Z [WARN] URL unreachable after repair attempts: https://townshipofperry.ca/employment-opportunities
2026-09-28T17:13:25.112Z [WARN] URL unreachable after repair attempts: https://townshipofthenorthshore.ca/governing/employment
2026-09-28T17:18:46.813Z [WARN] URL unreachable after repair attempts: https://valharty.ca/municipality/careers
2026-09-28T17:20:31.812Z [WARN] URL unreachable after repair attempts: https://wabaseemoong.ca/ontario-works-employment-experience-program-opportunities
2026-09-28T17:22:13.757Z [WARN] URL unreachable after repair attempts: https://wasauksing.ca/employment-opportunities
2026-09-28T17:24:06.333Z [WARN] URL unreachable after repair attempts: https://www.aamjiwnaang.ca/employment-opportunities-3
2026-09-28T17:26:20.167Z [WARN] URL unreachable after repair attempts: https://www.akrc.on.ca/category/employment
2026-09-28T17:26:30.200Z [WARN] URL repaired: https://www.arnprior.ca/business-and-development/job-postings -> https://www.arnprior.ca/business-and-development/employment
2026-09-28T17:28:42.923Z [WARN] URL unreachable after repair attempts: https://www.centralfrontenac.com/township-office/employment-and-volunteering
2026-09-28T17:29:16.646Z [WARN] URL unreachable after repair attempts: https://www.dnetownship.ca/township-services/employment
2026-09-28T17:31:08.042Z [WARN] URL unreachable after repair attempts: https://www.elgincounty.ca/living-here/careers
2026-09-28T17:31:33.359Z [WARN] URL unreachable after repair attempts: https://www.fauquierstrickland.com/avis/employment-opportunity-caoclerk
2026-09-28T17:33:17.754Z [WARN] URL unreachable after repair attempts: https://www.frontenaccounty.ca/government/careers
2026-09-28T17:35:00.456Z [WARN] URL unreachable after repair attempts: https://www.gardenriver.org/site/category/employment
2026-09-28T17:38:16.545Z [WARN] URL unreachable after repair attempts: https://www.hiawathafirstnation.com/services-departments/employment
2026-09-28T17:40:03.902Z [WARN] URL unreachable after repair attempts: https://www.hiltontownship.ca/job-postings
2026-09-28T17:42:02.901Z [WARN] URL unreachable after repair attempts: https://www.huroncounty.ca/jobs
2026-09-28T17:42:08.531Z [WARN] URL unreachable after repair attempts: https://www.ignace.ca/residents/community/volunteer-opportunities
2026-09-28T17:42:38.812Z [WARN] URL unreachable after repair attempts: https://www.lambtononline.ca/en/resident-services/employment-services.aspx
2026-09-28T17:44:29.087Z [WARN] URL unreachable after repair attempts: https://www.larderlake.ca/municipal-services/careers
2026-09-28T17:44:52.138Z [WARN] URL unreachable after repair attempts: https://www.lincoln.ca/careers-volunteering-0
2026-09-28T17:47:00.044Z [WARN] URL unreachable after repair attempts: https://www.magfn.com/careers
2026-09-28T17:48:57.955Z [WARN] URL unreachable after repair attempts: https://www.meaford.ca/economic-profile
2026-09-28T17:48:59.996Z [WARN] URL unreachable after repair attempts: https://www.merrickville-wolford.ca/governance/career-opportunities
2026-09-28T17:50:47.505Z [WARN] URL unreachable after repair attempts: https://www.mississauga.ca/our-organization/jobs-and-volunteer
2026-09-28T17:50:52.279Z [WARN] URL unreachable after repair attempts: https://www.montaguetownship.ca/government/media-centre/employment-opportunities
2026-09-28T17:52:42.111Z [WARN] URL unreachable after repair attempts: https://www.moosonee.ca/careers
2026-09-28T17:54:55.357Z [WARN] URL unreachable after repair attempts: https://www.municipalityofkillarney.ca/municipal-services/job-opportunities
2026-09-28T17:55:05.920Z [WARN] URL unreachable after repair attempts: https://www.nipigon.net/invest-grow/business-development/employment-opportunities
2026-09-28T17:57:03.753Z [WARN] URL unreachable after repair attempts: https://www.oakville.ca/town-hall/careers
2026-09-28T17:58:51.496Z [WARN] URL unreachable after repair attempts: https://www.oconnortownship.ca/careers
2026-09-28T17:59:03.472Z [WARN] URL unreachable after repair attempts: https://www.pelee.org/municipality/employment
2026-09-28T17:59:28.139Z [WARN] URL unreachable after repair attempts: https://www.rideaulakes.ca/town-hall/services/employment-opportunities
2026-09-28T18:01:24.108Z [WARN] URL unreachable after repair attempts: https://www.shibogama.on.ca/jobs
2026-09-28T18:03:09.413Z [WARN] URL unreachable after repair attempts: https://www.shuniah.org/documents/employment
2026-09-28T18:04:37.917Z [WARN] URL unreachable after repair attempts: https://www.sixnations.ca/careers
2026-09-28T18:06:20.769Z [WARN] URL unreachable after repair attempts: https://www.southalgonquin.ca/article/employment
2026-09-28T18:08:43.161Z [WARN] URL unreachable after repair attempts: https://www.terracebay.ca/living-here/community/employment-opportunities
2026-09-28T18:10:35.928Z [WARN] URL unreachable after repair attempts: https://www.thecounty.ca/residents/employment
2026-09-28T18:12:22.498Z [WARN] URL unreachable after repair attempts: https://www.toronto.ca/community-people/employment-social-support
2026-09-28T18:14:10.139Z [WARN] URL unreachable after repair attempts: https://www.townofspanish.com/town-hall/employment-and-volunteer-opportunites
2026-09-28T18:17:00.519Z [WARN] URL unreachable after repair attempts: https://www.wabuntribalcouncil.ca/careers
2026-09-28T18:19:12.698Z [WARN] URL unreachable after repair attempts: https://www.wiikwemkoong.ca/employment-opportunities-for-college-university-students
2026-09-28T18:19:19.428Z [WARN] Email send failed: Error: Invalid login: 535 5.7.8 Authentication failed
2026-09-28T18:19:24.495Z [INFO] Google Sheets sync complete: updated=1925 inserted=56
2026-09-28T18:19:24.511Z [INFO] total_orgs_in_csv=583
2026-09-28T18:19:24.511Z [INFO] eligible_orgs_count=442
2026-09-28T18:19:24.511Z [INFO] unique_jobs_url_groups_count=431
2026-09-28T18:19:24.512Z [INFO] jobs_url_group_max_size=4
2026-09-28T18:19:24.512Z [INFO] groups_scraped_count=327
2026-09-28T18:19:24.512Z [INFO] groups_skipped_unreachable_count=104
2026-09-28T18:19:24.512Z [INFO] orgs_skipped_low_confidence_count=141
2026-09-28T18:19:24.512Z [INFO] url_repair_attempted_count=431
2026-09-28T18:19:24.512Z [INFO] url_repair_success_count=8
2026-09-28T18:19:24.512Z [INFO] extra_attribution_associations_count=9
2026-09-28T18:19:24.512Z [INFO] new_postings_count=58
2026-09-28T18:19:24.512Z [INFO] email_sent=false
2026-09-28T18:19:24.534Z === Weekly run finished 2026-09-28T18:19:24.534Z ===
