2026-08-10T07:35:36.117Z === Weekly run started 2026-08-10T07:35:36.117Z ===
2026-08-10T07:35:36.188Z [INFO] run_id=22
2026-08-10T07:35:36.188Z [INFO] eligible_orgs=458
2026-08-10T07:35:36.188Z [INFO] unique_jobs_url_groups=447
2026-08-10T07:37:02.860Z [WARN] URL unreachable after repair attempts: http://nalgonawil.com/opportunities-tenders
2026-08-10T07:37:05.092Z [WARN] URL repaired: http://www.bayham.on.ca/municipal-office/career-opportunities -> https://www.bayham.on.ca/municipal-office/career-opportunities
2026-08-10T07:39:20.351Z [WARN] URL unreachable after repair attempts: http://www.bnafn.ca/employment-opportunities
2026-08-10T07:39:21.462Z [WARN] URL repaired: http://www.hbmtwp.ca/township-services/careers-and-volunteering -> https://www.hbmtwp.ca/township-services/careers-and-volunteering
2026-08-10T07:39:23.589Z [WARN] URL repaired: http://www.kapuskasing.ca/council-administration/employment-opportunities -> https://www.kapuskasing.ca/council-administration/employment-opportunities
2026-08-10T07:39:29.909Z [WARN] URL repaired: http://www.sheshegwaning.org/energy-projects/employment-training-opportunities -> http://www.sheshegwaning.org/
2026-08-10T07:39:31.887Z [WARN] URL repaired: http://www.stirling-rawdon.com/business-development/careers -> https://www.stirling-rawdon.com/business-development/careers
2026-08-10T07:39:33.957Z [WARN] URL repaired: http://www.twpbrm.ca/your-township-government/employment-opportunities -> https://www.twpbrm.ca/your-township-government/employment-opportunities
2026-08-10T07:41:27.239Z [WARN] URL unreachable after repair attempts: https://adjtos.ca/municipal-government/employment-opportunities
2026-08-10T07:42:10.682Z [WARN] URL repaired: https://admastonbromley.com/employment-opportunities-tenders -> http://admastonbromley.com/employment-opportunities-tenders
2026-08-10T07:45:42.611Z [WARN] URL unreachable after repair attempts: https://alberton.ca/employment
2026-08-10T07:47:25.929Z [WARN] URL unreachable after repair attempts: https://alderville.ca/employment-opportunities
2026-08-10T07:49:11.209Z [WARN] URL unreachable after repair attempts: https://apitipi.ca/employment
2026-08-10T07:50:53.250Z [WARN] URL unreachable after repair attempts: https://atikamekshenganishnawbek.ca/employment-tenders
2026-08-10T07:51:05.781Z [WARN] URL unreachable after repair attempts: https://attawapiskat.org/
2026-08-10T07:52:51.972Z [WARN] URL unreachable after repair attempts: https://augusta.ca/employment
2026-08-10T07:52:55.000Z [WARN] URL unreachable after repair attempts: https://aylmer.ca/town-hall/request-for-proposal
2026-08-10T07:54:36.710Z [WARN] URL unreachable after repair attempts: https://blrtownship.ca/article/employment
2026-08-10T07:56:18.393Z [WARN] URL unreachable after repair attempts: https://brockville.com/careers
2026-08-10T07:59:14.162Z [WARN] URL unreachable after repair attempts: https://brookealvinston.com/residents/employment-opportunities-2
2026-08-10T08:00:55.743Z [WARN] URL unreachable after repair attempts: https://brucemines.ca/government/employment-opportunities
2026-08-10T08:02:43.758Z [WARN] URL unreachable after repair attempts: https://casey.ca/2025/12/03/job-opportunity-road-superintendent
2026-08-10T08:04:24.351Z [WARN] URL unreachable after repair attempts: https://chapleau.ca/business/resources/employment-volunteer-opportunities
2026-08-10T08:06:14.061Z [WARN] URL unreachable after repair attempts: https://chapleaucree.ca/employment-opportunities
2026-08-10T08:08:53.739Z [WARN] URL unreachable after repair attempts: https://chapple.on.ca/employment
2026-08-10T08:10:11.429Z [WARN] URL unreachable after repair attempts: https://chatsworth.ca/government/employment-opportunities
2026-08-10T08:11:52.867Z [WARN] URL unreachable after repair attempts: https://cobalt.ca/residents/municipal-services/employment-opportunities
2026-08-10T08:13:39.097Z [WARN] URL unreachable after repair attempts: https://cochraneontario.com/living/employment-opportunities
2026-08-10T08:13:51.319Z [WARN] URL unreachable after repair attempts: https://constancelake.ca/work-for-us
2026-08-10T08:16:45.105Z [WARN] URL unreachable after repair attempts: https://cottfn.com/departments/employment-and-training
2026-08-10T08:18:31.081Z [WARN] URL unreachable after repair attempts: https://dokis.ca/employment-services
2026-08-10T08:21:00.429Z [WARN] URL unreachable after repair attempts: https://dubreuilville.ca/township/employment-opportunities
2026-08-10T08:23:24.720Z [WARN] URL unreachable after repair attempts: https://eaglelakefn.ca/employment
2026-08-10T08:25:07.195Z [WARN] URL unreachable after repair attempts: https://ear-falls.com/business/employment
2026-08-10T08:27:47.779Z [WARN] URL unreachable after repair attempts: https://emo.ca/tenders-careers
2026-08-10T08:30:29.212Z [WARN] URL unreachable after repair attempts: https://fortfrances.ca/jobs
2026-08-10T08:32:20.256Z [WARN] URL unreachable after repair attempts: https://fwfn.com/employment
2026-08-10T08:33:30.085Z [WARN] URL unreachable after repair attempts: https://guelph.ca/living/volunteer-opportunities
2026-08-10T08:36:21.140Z [WARN] URL unreachable after repair attempts: https://huronshores.ca/business/employment
2026-08-10T08:38:07.081Z [WARN] URL unreachable after repair attempts: https://jocelyn.ca/township-office/employment-opportunities
2026-08-10T08:39:49.157Z [WARN] URL unreachable after repair attempts: https://kettlepoint.org/four-winds-community-employment-services
2026-08-10T08:41:33.441Z [WARN] URL unreachable after repair attempts: https://lairdtownship.ca/employment-opportunities
2026-08-10T08:43:46.287Z [WARN] URL unreachable after repair attempts: https://lennox-addington.on.ca/careers
2026-08-10T08:45:59.017Z [WARN] URL unreachable after repair attempts: https://markstay-warren.ca/municipal-services/career-opportunities
2026-08-10T08:46:03.035Z [WARN] URL unreachable after repair attempts: https://marmoraandlake.ca/careers
2026-08-10T08:47:58.378Z [WARN] URL unreachable after repair attempts: https://mchigeeng.ca/employment
2026-08-10T08:49:44.817Z [WARN] URL unreachable after repair attempts: https://melancthontownship.ca/municipal-services/employment-opportunity
2026-08-10T08:53:51.948Z [WARN] URL unreachable after repair attempts: https://michipicoten.com/aboriginal-job-opportunities
2026-08-10T08:55:40.829Z [WARN] URL unreachable after repair attempts: https://mishkeegogamang.ca/services/education
2026-08-10T08:55:42.871Z [WARN] URL unreachable after repair attempts: https://mitaanjigamiing.ca/jobs
2026-08-10T08:57:26.131Z [WARN] URL unreachable after repair attempts: https://mncfn.ca/departments/employment-training-2
2026-08-10T08:57:28.825Z [WARN] URL repaired: https://myavanti.ca/WorkAtWelland -> https://welland.myavanti.ca/careers
2026-08-10T08:59:17.098Z [WARN] URL unreachable after repair attempts: https://nairncentre.ca/municipal-services/job-opportunities
2026-08-10T09:00:57.637Z [WARN] URL unreachable after repair attempts: https://nawash.ca/employment
2026-08-10T09:02:38.130Z [WARN] URL unreachable after repair attempts: https://neskantaga.com/employment
2026-08-10T09:05:20.274Z [WARN] URL unreachable after repair attempts: https://nigigoonsiminikaaning.ca/category/employment
2026-08-10T09:08:41.467Z [WARN] URL unreachable after repair attempts: https://nipissingtownship.com/draft-council-vacancy-procedure-by-law
2026-08-10T09:10:26.229Z [WARN] URL unreachable after repair attempts: https://northumberland.ca/county-government/careers
2026-08-10T09:12:08.791Z [WARN] URL unreachable after repair attempts: https://petawawa.ca/town-hall/employment-opportunities
2026-08-10T09:13:57.143Z [WARN] URL unreachable after repair attempts: https://plummertownship.ca/township-office/employment-opportunities
2026-08-10T09:15:40.961Z [WARN] URL unreachable after repair attempts: https://ppfn.ca/careers
2026-08-10T09:17:22.518Z [WARN] URL unreachable after repair attempts: https://puslinch.ca/doing-business/careers
2026-08-10T09:19:04.901Z [WARN] URL unreachable after repair attempts: https://rainyriverfirstnations.com/careers
2026-08-10T09:21:24.346Z [WARN] URL unreachable after repair attempts: https://redrocktownship.com/community/employment-opportunities
2026-08-10T09:25:29.625Z [WARN] URL unreachable after repair attempts: https://saugeenfirstnation.com/employment-opportunities
2026-08-10T09:27:11.386Z [WARN] URL unreachable after repair attempts: https://saultstemarie.ca/live/fire-services/firefighter-recruitment
2026-08-10T09:29:34.014Z [WARN] URL unreachable after repair attempts: https://serpentriverfn.com/employment-opportunites/job_postings
2026-08-10T09:32:13.891Z [WARN] URL unreachable after repair attempts: https://sheguiandahfn.ca/employment
2026-08-10T09:33:58.459Z [WARN] URL unreachable after repair attempts: https://smoothrockfalls.ca/living/employment
2026-08-10T09:35:40.162Z [WARN] URL unreachable after repair attempts: https://stjosephtownship.com/jobs
2026-08-10T09:37:23.376Z [WARN] URL unreachable after repair attempts: https://taykwatagamou.com/about/careers
2026-08-10T09:39:23.949Z [WARN] URL unreachable after repair attempts: https://temagamifirstnation.ca/employment
2026-08-10T09:43:06.929Z [WARN] URL unreachable after repair attempts: https://thessalon.ca/council-and-government/employment-opportunities
2026-08-10T09:44:55.701Z [WARN] URL unreachable after repair attempts: https://town.petrolia.on.ca/town-hall/employment
2026-08-10T09:46:37.340Z [WARN] URL unreachable after repair attempts: https://townshipofhilliard.ca/municipal-government/rfqs-and-rfps
2026-08-10T09:52:03.713Z [WARN] URL unreachable after repair attempts: https://townshipofperry.ca/employment-opportunities
2026-08-10T09:53:45.613Z [WARN] URL unreachable after repair attempts: https://townshipofthenorthshore.ca/governing/employment
2026-08-10T09:58:22.462Z [WARN] URL unreachable after repair attempts: https://valharty.ca/municipality/careers
2026-08-10T10:00:08.674Z [WARN] URL unreachable after repair attempts: https://wabaseemoong.ca/news/job-opportunities
2026-08-10T10:01:50.757Z [WARN] URL unreachable after repair attempts: https://wasauksing.ca/employment-opportunities
2026-08-10T10:02:01.968Z [WARN] URL unreachable after repair attempts: https://www.aamjiwnaang.ca/employment-opportunities-4
2026-08-10T10:04:11.373Z [WARN] URL unreachable after repair attempts: https://www.akrc.on.ca/category/employment
2026-08-10T10:04:31.025Z [WARN] URL unreachable after repair attempts: https://www.bancroft.ca/town_hall/employment_opportunities
2026-08-10T10:06:39.928Z [WARN] URL unreachable after repair attempts: https://www.centralfrontenac.com/township-office/employment-and-volunteering
2026-08-10T10:06:45.726Z [WARN] URL repaired: https://www.champlain.ca/government-council/careers-volunteering -> https://www.champlain.ca/job
2026-08-10T10:07:15.910Z [WARN] URL unreachable after repair attempts: https://www.dnetownship.ca/township-services/employment
2026-08-10T10:09:00.530Z [WARN] URL unreachable after repair attempts: https://www.dufferincounty.ca/dufferin-county-procurement
2026-08-10T10:10:50.985Z [WARN] URL unreachable after repair attempts: https://www.elgincounty.ca/living-here/careers
2026-08-10T10:11:15.969Z [WARN] URL unreachable after repair attempts: https://www.fauquierstrickland.com/avis/summer-student-employment-opportunity
2026-08-10T10:11:19.496Z [WARN] URL unreachable after repair attempts: https://www.frenchriver.ca/p/employment-opportunities-
2026-08-10T10:13:01.314Z [WARN] URL unreachable after repair attempts: https://www.frontenaccounty.ca/government/careers
2026-08-10T10:14:44.301Z [WARN] URL unreachable after repair attempts: https://www.gardenriver.org/site/category/employment
2026-08-10T10:16:44.807Z [WARN] URL unreachable after repair attempts: https://www.greatersudbury.ca/city-hall/jobs-at-the-city
2026-08-10T10:16:53.537Z [WARN] URL repaired: https://www.haltonhills.ca/en/your-government/careers.aspx -> https://www.haltonhills.ca/careers
2026-08-10T10:19:53.304Z [WARN] URL unreachable after repair attempts: https://www.hearst.ca/en/residents/foyer-des-pionniers/employment-opportunities
2026-08-10T10:21:39.444Z [WARN] URL unreachable after repair attempts: https://www.hiawathafirstnation.com/services-departments/employment
2026-08-10T10:23:24.568Z [WARN] URL unreachable after repair attempts: https://www.hiltontownship.ca/job-postings
2026-08-10T10:25:23.151Z [WARN] URL unreachable after repair attempts: https://www.huroncounty.ca/jobs
2026-08-10T10:25:31.859Z [WARN] URL unreachable after repair attempts: https://www.ignace.ca/residents/community/volunteer-opportunities
2026-08-10T10:27:34.668Z [WARN] URL unreachable after repair attempts: https://www.lakeofthewoods.ca/2026/06/09/intern-clerk-treasurer
2026-08-10T10:27:51.338Z [WARN] URL unreachable after repair attempts: https://www.lambtononline.ca/en/resident-services/employment-services.aspx
2026-08-10T10:29:38.210Z [WARN] URL unreachable after repair attempts: https://www.larderlake.ca/municipal-services/careers
2026-08-10T10:31:29.862Z [WARN] URL unreachable after repair attempts: https://www.latchford.ca/employment-opportunity
2026-08-10T10:31:51.605Z [WARN] URL unreachable after repair attempts: https://www.lincoln.ca/careers-volunteering-0
2026-08-10T10:33:49.567Z [WARN] URL unreachable after repair attempts: https://www.magfn.com/careers
2026-08-10T10:33:54.766Z [WARN] URL unreachable after repair attempts: https://www.manitouwadge.ca/residents/job-bank
2026-08-10T10:34:01.818Z [WARN] URL unreachable after repair attempts: https://www.markham.ca/about-the-city-of-markham/employment
2026-08-10T10:34:03.800Z [WARN] URL repaired: https://www.mattawa.ca/en/your-government/employment-opportunities -> https://mattawa.ca/en/your-government/employment-opportunities
2026-08-10T10:35:46.338Z [WARN] URL unreachable after repair attempts: https://www.meaford.ca/en/our-government/careers.aspx
2026-08-10T10:35:50.484Z [WARN] URL unreachable after repair attempts: https://www.merrickville-wolford.ca/career-opportunities
2026-08-10T10:37:40.733Z [WARN] URL unreachable after repair attempts: https://www.mississauga.ca/our-organization/jobs-and-volunteer
2026-08-10T10:37:46.228Z [WARN] URL unreachable after repair attempts: https://www.montaguetownship.ca/government/media-centre/employment-opportunities
2026-08-10T10:39:35.685Z [WARN] URL unreachable after repair attempts: https://www.moosonee.ca/careers
2026-08-10T10:39:54.650Z [WARN] URL unreachable after repair attempts: https://www.muskoka.on.ca/en/careers-and-volunteering/careers-and-volunteering-directory.aspx
2026-08-10T10:41:41.483Z [WARN] URL unreachable after repair attempts: https://www.newtecumseth.ca/work-here
2026-08-10T10:41:44.763Z [WARN] URL unreachable after repair attempts: https://www.nipigon.net/invest-grow/business-development/employment-opportunities
2026-08-10T10:43:32.594Z [WARN] URL unreachable after repair attempts: https://www.northfrontenac.com/township-services/careers-and-volunteering
2026-08-10T10:45:46.182Z [WARN] URL unreachable after repair attempts: https://www.northgrenville.ca/careers
2026-08-10T10:47:38.108Z [WARN] URL unreachable after repair attempts: https://www.oakville.ca/town-hall/careers
2026-08-10T10:49:25.951Z [WARN] URL unreachable after repair attempts: https://www.oconnortownship.ca/careers
2026-08-10T10:50:04.661Z [WARN] URL unreachable after repair attempts: https://www.pelee.org/municipality/employment
2026-08-10T10:50:31.732Z [WARN] URL unreachable after repair attempts: https://www.rideaulakes.ca/town-hall/services/employment-opportunities
2026-08-10T10:50:34.172Z [WARN] URL repaired: https://www.russell.ca/en/your-township/job-postings.aspx -> https://russell.ca/
2026-08-10T10:52:20.644Z [WARN] URL unreachable after repair attempts: https://www.sables-spanish.ca/employment-opportunities
2026-08-10T10:54:10.386Z [WARN] URL unreachable after repair attempts: https://www.scugogfirstnation.com/careers
2026-08-10T10:55:59.334Z [WARN] URL unreachable after repair attempts: https://www.shibogama.on.ca/jobs
2026-08-10T10:57:44.755Z [WARN] URL unreachable after repair attempts: https://www.shuniah.org/documents/employment
2026-08-10T10:59:12.760Z [WARN] URL unreachable after repair attempts: https://www.sixnations.ca/careers
2026-08-10T11:00:55.833Z [WARN] URL unreachable after repair attempts: https://www.southalgonquin.ca/article/employment
2026-08-10T11:01:06.716Z [WARN] URL unreachable after repair attempts: https://www.southwold.ca/en/municipal-office/employment.aspx
2026-08-10T11:03:08.365Z [WARN] URL unreachable after repair attempts: https://www.terracebay.ca/living-here/community/employment-opportunities
2026-08-10T11:04:55.975Z [WARN] URL unreachable after repair attempts: https://www.thecounty.ca/residents/employment
2026-08-10T11:06:42.951Z [WARN] URL unreachable after repair attempts: https://www.toronto.ca/community-people/employment-social-support
2026-08-10T11:06:52.485Z [WARN] URL repaired: https://www.townshipofjoly.com/en/contacts/job-opportunities -> https://townshipofjoly.com/en/contacts/job-opportunities
2026-08-10T11:06:59.523Z [WARN] URL unreachable after repair attempts: https://www.tweed.ca/bidopportunitiesc12
2026-08-10T11:09:37.545Z [WARN] URL unreachable after repair attempts: https://www.wabuntribalcouncil.ca/careers
2026-08-10T11:11:51.489Z [WARN] URL unreachable after repair attempts: https://www.wiikwemkoong.ca/employment-opportunities-for-college-university-students
2026-08-10T11:11:57.361Z [WARN] Email send failed: Error: Invalid login: 535 5.7.8 Authentication failed
2026-08-10T11:12:01.227Z [INFO] Google Sheets sync complete: updated=1846 inserted=74
2026-08-10T11:12:01.233Z [INFO] total_orgs_in_csv=583
2026-08-10T11:12:01.233Z [INFO] eligible_orgs_count=458
2026-08-10T11:12:01.233Z [INFO] unique_jobs_url_groups_count=447
2026-08-10T11:12:01.233Z [INFO] jobs_url_group_max_size=4
2026-08-10T11:12:01.233Z [INFO] groups_scraped_count=323
2026-08-10T11:12:01.233Z [INFO] groups_skipped_unreachable_count=124
2026-08-10T11:12:01.234Z [INFO] orgs_skipped_low_confidence_count=125
2026-08-10T11:12:01.234Z [INFO] url_repair_attempted_count=447
2026-08-10T11:12:01.234Z [INFO] url_repair_success_count=13
2026-08-10T11:12:01.234Z [INFO] extra_attribution_associations_count=10
2026-08-10T11:12:01.234Z [INFO] new_postings_count=79
2026-08-10T11:12:01.234Z [INFO] email_sent=false
2026-08-10T11:12:01.254Z === Weekly run finished 2026-08-10T11:12:01.254Z ===
