2026-08-24T07:59:30.630Z === Weekly run started 2026-08-24T07:59:30.630Z ===
2026-08-24T07:59:30.709Z [INFO] run_id=24
2026-08-24T07:59:30.709Z [INFO] eligible_orgs=458
2026-08-24T07:59:30.709Z [INFO] unique_jobs_url_groups=447
2026-08-24T08:01:02.222Z [WARN] URL unreachable after repair attempts: http://nalgonawil.com/opportunities-tenders
2026-08-24T08:01:04.881Z [WARN] URL repaired: http://www.bayham.on.ca/municipal-office/career-opportunities -> https://www.bayham.on.ca/municipal-office/career-opportunities
2026-08-24T08:03:07.833Z [WARN] URL unreachable after repair attempts: http://www.bnafn.ca/employment-opportunities
2026-08-24T08:03:09.250Z [WARN] URL repaired: http://www.hbmtwp.ca/township-services/careers-and-volunteering -> https://www.hbmtwp.ca/township-services/careers-and-volunteering
2026-08-24T08:03:11.819Z [WARN] URL repaired: http://www.kapuskasing.ca/council-administration/employment-opportunities -> https://www.kapuskasing.ca/council-administration/employment-opportunities
2026-08-24T08:03:23.167Z [WARN] URL unreachable after repair attempts: http://www.machartownship.net/careers
2026-08-24T08:03:27.728Z [WARN] URL repaired: http://www.stirling-rawdon.com/business-development/careers -> https://www.stirling-rawdon.com/business-development/careers
2026-08-24T08:03:29.756Z [WARN] URL repaired: http://www.twpbrm.ca/your-township-government/employment-opportunities -> https://www.twpbrm.ca/your-township-government/employment-opportunities
2026-08-24T08:06:22.180Z [WARN] URL unreachable after repair attempts: https://adjtos.ca/municipal-government/employment-opportunities
2026-08-24T08:08:13.823Z [WARN] URL unreachable after repair attempts: https://admastonbromley.com/employment-opportunities-tenders
2026-08-24T08:10:57.738Z [WARN] URL unreachable after repair attempts: https://alberton.ca/employment
2026-08-24T08:12:40.072Z [WARN] URL unreachable after repair attempts: https://alderville.ca/employment-opportunities
2026-08-24T08:14:22.717Z [WARN] URL unreachable after repair attempts: https://apitipi.ca/employment
2026-08-24T08:16:04.276Z [WARN] URL unreachable after repair attempts: https://atikamekshenganishnawbek.ca/employment-tenders
2026-08-24T08:17:51.786Z [WARN] URL unreachable after repair attempts: https://augusta.ca/employment
2026-08-24T08:17:54.871Z [WARN] URL unreachable after repair attempts: https://aylmer.ca/town-hall/request-for-proposal
2026-08-24T08:19:38.427Z [WARN] URL unreachable after repair attempts: https://blrtownship.ca/article/employment
2026-08-24T08:21:20.102Z [WARN] URL unreachable after repair attempts: https://brockville.com/careers
2026-08-24T08:21:24.140Z [WARN] URL unreachable after repair attempts: https://brookealvinston.com/residents/employment-opportunities-2
2026-08-24T08:23:06.007Z [WARN] URL unreachable after repair attempts: https://brucemines.ca/government/employment-opportunities
2026-08-24T08:24:57.368Z [WARN] URL unreachable after repair attempts: https://casey.ca/2025/12/03/job-opportunity-road-superintendent
2026-08-24T08:26:38.851Z [WARN] URL unreachable after repair attempts: https://chapleau.ca/business/resources/employment-volunteer-opportunities
2026-08-24T08:28:29.107Z [WARN] URL unreachable after repair attempts: https://chapleaucree.ca/employment-opportunities
2026-08-24T08:30:32.448Z [WARN] URL unreachable after repair attempts: https://chapple.on.ca/employment
2026-08-24T08:31:50.632Z [WARN] URL unreachable after repair attempts: https://chatsworth.ca/government/employment-opportunities
2026-08-24T08:33:31.871Z [WARN] URL unreachable after repair attempts: https://cobalt.ca/residents/municipal-services/employment-opportunities
2026-08-24T08:35:17.066Z [WARN] URL unreachable after repair attempts: https://cochraneontario.com/living/employment-opportunities
2026-08-24T08:35:27.511Z [WARN] URL unreachable after repair attempts: https://constancelake.ca/work-for-us
2026-08-24T08:38:31.194Z [WARN] URL unreachable after repair attempts: https://cottfn.com/departments/employment-and-training
2026-08-24T08:41:15.555Z [WARN] URL unreachable after repair attempts: https://dokis.ca/employment-services
2026-08-24T08:43:00.959Z [WARN] URL unreachable after repair attempts: https://dubreuilville.ca/township/employment-opportunities
2026-08-24T08:45:41.034Z [WARN] URL unreachable after repair attempts: https://eaglelakefn.ca/employment
2026-08-24T08:47:22.609Z [WARN] URL unreachable after repair attempts: https://ear-falls.com/business/employment
2026-08-24T08:50:51.193Z [WARN] URL unreachable after repair attempts: https://emo.ca/tenders-careers
2026-08-24T08:52:38.222Z [WARN] URL unreachable after repair attempts: https://fwfn.com/employment
2026-08-24T08:53:45.697Z [WARN] URL unreachable after repair attempts: https://guelph.ca/living/volunteer-opportunities
2026-08-24T08:57:06.108Z [WARN] URL unreachable after repair attempts: https://huronshores.ca/business/employment
2026-08-24T08:58:54.006Z [WARN] URL unreachable after repair attempts: https://jocelyn.ca/township-office/employment-opportunities
2026-08-24T09:00:58.938Z [WARN] URL unreachable after repair attempts: https://kettlepoint.org/four-winds-community-employment-services
2026-08-24T09:02:43.944Z [WARN] URL unreachable after repair attempts: https://lairdtownship.ca/employment-opportunities
2026-08-24T09:02:46.209Z [WARN] URL unreachable after repair attempts: https://lennox-addington.on.ca/careers
2026-08-24T09:05:01.680Z [WARN] URL unreachable after repair attempts: https://markstay-warren.ca/municipal-services/career-opportunities
2026-08-24T09:05:05.731Z [WARN] URL unreachable after repair attempts: https://marmoraandlake.ca/careers
2026-08-24T09:06:59.827Z [WARN] URL unreachable after repair attempts: https://mchigeeng.ca/employment
2026-08-24T09:08:45.553Z [WARN] URL unreachable after repair attempts: https://melancthontownship.ca/municipal-services/employment-opportunity
2026-08-24T09:13:11.228Z [WARN] URL unreachable after repair attempts: https://michipicoten.com/aboriginal-job-opportunities
2026-08-24T09:15:15.580Z [WARN] URL unreachable after repair attempts: https://mishkeegogamang.ca/services/education
2026-08-24T09:15:17.628Z [WARN] URL unreachable after repair attempts: https://mitaanjigamiing.ca/jobs
2026-08-24T09:17:24.641Z [WARN] URL unreachable after repair attempts: https://mncfn.ca/departments/employment-training-2
2026-08-24T09:17:28.455Z [WARN] URL repaired: https://myavanti.ca/WorkAtWelland -> https://welland.myavanti.ca/careers
2026-08-24T09:19:13.572Z [WARN] URL unreachable after repair attempts: https://nairncentre.ca/municipal-services/job-opportunities
2026-08-24T09:20:55.809Z [WARN] URL unreachable after repair attempts: https://nawash.ca/employment
2026-08-24T09:22:35.875Z [WARN] URL unreachable after repair attempts: https://neskantaga.com/employment
2026-08-24T09:23:53.516Z [WARN] URL unreachable after repair attempts: https://nigigoonsiminikaaning.ca/category/employment
2026-08-24T09:27:17.656Z [WARN] URL unreachable after repair attempts: https://nipissingtownship.com/draft-council-vacancy-procedure-by-law
2026-08-24T09:29:03.363Z [WARN] URL unreachable after repair attempts: https://northumberland.ca/county-government/careers
2026-08-24T09:30:47.327Z [WARN] URL unreachable after repair attempts: https://petawawa.ca/town-hall/employment-opportunities
2026-08-24T09:32:37.648Z [WARN] URL unreachable after repair attempts: https://plummertownship.ca/township-office/employment-opportunities
2026-08-24T09:34:25.502Z [WARN] URL unreachable after repair attempts: https://ppfn.ca/careers
2026-08-24T09:35:40.029Z [WARN] URL unreachable after repair attempts: https://puslinch.ca/doing-business/careers
2026-08-24T09:37:23.139Z [WARN] URL unreachable after repair attempts: https://rainyriverfirstnations.com/careers
2026-08-24T09:39:19.127Z [WARN] URL unreachable after repair attempts: https://redrocktownship.com/community/employment-opportunities
2026-08-24T09:43:49.742Z [WARN] URL unreachable after repair attempts: https://saugeenfirstnation.com/employment-opportunities
2026-08-24T09:45:31.859Z [WARN] URL unreachable after repair attempts: https://saultstemarie.ca/live/fire-services/firefighter-recruitment
2026-08-24T09:48:11.036Z [WARN] URL unreachable after repair attempts: https://serpentriverfn.com/employment-opportunites/job_postings
2026-08-24T09:50:56.246Z [WARN] URL unreachable after repair attempts: https://sheguiandahfn.ca/employment
2026-08-24T09:52:40.213Z [WARN] URL unreachable after repair attempts: https://smoothrockfalls.ca/living/employment
2026-08-24T09:54:22.771Z [WARN] URL unreachable after repair attempts: https://stjosephtownship.com/jobs
2026-08-24T09:56:05.909Z [WARN] URL unreachable after repair attempts: https://taykwatagamou.com/about/careers
2026-08-24T09:58:00.730Z [WARN] URL unreachable after repair attempts: https://temagamifirstnation.ca/employment
2026-08-24T10:03:34.866Z [WARN] URL unreachable after repair attempts: https://thessalon.ca/council-and-government/employment-opportunities
2026-08-24T10:05:24.365Z [WARN] URL unreachable after repair attempts: https://town.petrolia.on.ca/town-hall/employment
2026-08-24T10:07:06.539Z [WARN] URL unreachable after repair attempts: https://townshipofhilliard.ca/municipal-government/rfqs-and-rfps
2026-08-24T10:09:20.076Z [WARN] URL unreachable after repair attempts: https://townshipofperry.ca/employment-opportunities
2026-08-24T10:11:03.455Z [WARN] URL unreachable after repair attempts: https://townshipofthenorthshore.ca/governing/employment
2026-08-24T10:16:03.073Z [WARN] URL unreachable after repair attempts: https://valharty.ca/municipality/careers
2026-08-24T10:17:48.115Z [WARN] URL unreachable after repair attempts: https://wabaseemoong.ca/news/job-opportunities
2026-08-24T10:19:30.840Z [WARN] URL unreachable after repair attempts: https://wasauksing.ca/employment-opportunities
2026-08-24T10:19:45.171Z [WARN] URL unreachable after repair attempts: https://www.aamjiwnaang.ca/employment-opportunities-4
2026-08-24T10:22:05.521Z [WARN] URL unreachable after repair attempts: https://www.akrc.on.ca/category/employment
2026-08-24T10:22:25.260Z [WARN] URL unreachable after repair attempts: https://www.bancroft.ca/town_hall/employment_opportunities
2026-08-24T10:22:47.513Z [WARN] URL unreachable after repair attempts: https://www.burlington.ca/en/council-and-city-administration/careers.aspx
2026-08-24T10:24:41.485Z [WARN] URL unreachable after repair attempts: https://www.centralfrontenac.com/township-office/employment-and-volunteering
2026-08-24T10:24:47.697Z [WARN] URL repaired: https://www.champlain.ca/government-council/careers-volunteering -> https://www.champlain.ca/job
2026-08-24T10:25:21.602Z [WARN] URL unreachable after repair attempts: https://www.dnetownship.ca/township-services/employment
2026-08-24T10:26:36.042Z [WARN] URL unreachable after repair attempts: https://www.dufferincounty.ca/dufferin-county-procurement
2026-08-24T10:28:27.655Z [WARN] URL unreachable after repair attempts: https://www.elgincounty.ca/living-here/careers
2026-08-24T10:28:54.813Z [WARN] URL unreachable after repair attempts: https://www.fauquierstrickland.com/avis/summer-student-employment-opportunity
2026-08-24T10:28:59.252Z [WARN] URL unreachable after repair attempts: https://www.frenchriver.ca/p/employment-opportunities-
2026-08-24T10:30:44.166Z [WARN] URL unreachable after repair attempts: https://www.frontenaccounty.ca/government/careers
2026-08-24T10:32:27.522Z [WARN] URL unreachable after repair attempts: https://www.gardenriver.org/site/category/employment
2026-08-24T10:35:00.786Z [WARN] URL unreachable after repair attempts: https://www.greatersudbury.ca/city-hall/jobs-at-the-city
2026-08-24T10:35:10.131Z [WARN] URL repaired: https://www.haltonhills.ca/en/your-government/careers.aspx -> https://www.haltonhills.ca/careers
2026-08-24T10:38:25.129Z [WARN] URL unreachable after repair attempts: https://www.hearst.ca/en/residents/foyer-des-pionniers/employment-opportunities
2026-08-24T10:40:29.560Z [WARN] URL unreachable after repair attempts: https://www.hiawathafirstnation.com/services-departments/employment
2026-08-24T10:42:16.240Z [WARN] URL unreachable after repair attempts: https://www.hiltontownship.ca/job-postings
2026-08-24T10:44:15.685Z [WARN] URL unreachable after repair attempts: https://www.huroncounty.ca/jobs
2026-08-24T10:44:23.711Z [WARN] URL unreachable after repair attempts: https://www.ignace.ca/residents/community/volunteer-opportunities
2026-08-24T10:46:24.436Z [WARN] URL unreachable after repair attempts: https://www.lakeofthewoods.ca/2026/06/09/intern-clerk-treasurer
2026-08-24T10:46:41.377Z [WARN] URL unreachable after repair attempts: https://www.lambtononline.ca/en/resident-services/employment-services.aspx
2026-08-24T10:48:31.454Z [WARN] URL unreachable after repair attempts: https://www.larderlake.ca/municipal-services/careers
2026-08-24T10:48:37.643Z [WARN] URL unreachable after repair attempts: https://www.latchford.ca/employment-opportunity
2026-08-24T10:48:46.295Z [WARN] URL unreachable after repair attempts: https://www.leedsgrenville.com/services/employment-centres
2026-08-24T10:49:03.770Z [WARN] URL unreachable after repair attempts: https://www.lincoln.ca/careers-volunteering-0
2026-08-24T10:51:02.398Z [WARN] URL unreachable after repair attempts: https://www.magfn.com/careers
2026-08-24T10:51:08.434Z [WARN] URL unreachable after repair attempts: https://www.manitouwadge.ca/residents/job-bank
2026-08-24T10:51:15.341Z [WARN] URL repaired: https://www.mattawa.ca/en/your-government/employment-opportunities -> https://mattawa.ca/en/your-government/employment-opportunities
2026-08-24T10:52:58.257Z [WARN] URL unreachable after repair attempts: https://www.meaford.ca/en/our-government/careers.aspx
2026-08-24T10:53:02.504Z [WARN] URL unreachable after repair attempts: https://www.merrickville-wolford.ca/career-opportunities
2026-08-24T10:54:59.126Z [WARN] URL unreachable after repair attempts: https://www.mississauga.ca/our-organization/jobs-and-volunteer
2026-08-24T10:55:05.221Z [WARN] URL unreachable after repair attempts: https://www.montaguetownship.ca/government/media-centre/employment-opportunities
2026-08-24T10:56:55.804Z [WARN] URL unreachable after repair attempts: https://www.moosonee.ca/careers
2026-08-24T10:58:45.087Z [WARN] URL unreachable after repair attempts: https://www.newtecumseth.ca/work-here
2026-08-24T10:58:48.804Z [WARN] URL unreachable after repair attempts: https://www.nipigon.net/invest-grow/business-development/employment-opportunities
2026-08-24T11:01:37.140Z [WARN] URL unreachable after repair attempts: https://www.northfrontenac.com/township-services/careers-and-volunteering
2026-08-24T11:03:32.997Z [WARN] URL unreachable after repair attempts: https://www.oakville.ca/town-hall/careers
2026-08-24T11:05:44.545Z [WARN] URL unreachable after repair attempts: https://www.oconnortownship.ca/careers
2026-08-24T11:05:58.269Z [WARN] URL unreachable after repair attempts: https://www.pelee.org/municipality/employment
2026-08-24T11:06:25.142Z [WARN] URL unreachable after repair attempts: https://www.rideaulakes.ca/town-hall/services/employment-opportunities
2026-08-24T11:06:26.965Z [WARN] URL repaired: https://www.russell.ca/en/your-township/job-postings.aspx -> https://russell.ca/
2026-08-24T11:08:13.439Z [WARN] URL unreachable after repair attempts: https://www.sables-spanish.ca/employment-opportunities
2026-08-24T11:10:02.584Z [WARN] URL unreachable after repair attempts: https://www.scugogfirstnation.com/careers
2026-08-24T11:11:51.405Z [WARN] URL unreachable after repair attempts: https://www.shibogama.on.ca/jobs
2026-08-24T11:13:37.246Z [WARN] URL unreachable after repair attempts: https://www.shuniah.org/documents/employment
2026-08-24T11:15:06.212Z [WARN] URL unreachable after repair attempts: https://www.sixnations.ca/careers
2026-08-24T11:16:49.928Z [WARN] URL unreachable after repair attempts: https://www.southalgonquin.ca/article/employment
2026-08-24T11:17:01.762Z [WARN] URL unreachable after repair attempts: https://www.southwold.ca/en/municipal-office/employment.aspx
2026-08-24T11:19:07.271Z [WARN] URL unreachable after repair attempts: https://www.terracebay.ca/living-here/community/employment-opportunities
2026-08-24T11:20:56.240Z [WARN] URL unreachable after repair attempts: https://www.thecounty.ca/residents/employment
2026-08-24T11:22:45.566Z [WARN] URL unreachable after repair attempts: https://www.toronto.ca/community-people/employment-social-support
2026-08-24T11:22:55.446Z [WARN] URL repaired: https://www.townshipofjoly.com/en/contacts/job-opportunities -> https://townshipofjoly.com/en/contacts/job-opportunities
2026-08-24T11:23:02.290Z [WARN] URL unreachable after repair attempts: https://www.tweed.ca/bidopportunitiesc12
2026-08-24T11:26:15.080Z [WARN] URL unreachable after repair attempts: https://www.wabuntribalcouncil.ca/careers
2026-08-24T11:27:52.473Z [WARN] URL unreachable after repair attempts: https://www.wiikwemkoong.ca/employment-opportunities-for-college-university-students
2026-08-24T11:27:58.430Z [WARN] Email send failed: Error: Invalid login: 535 5.7.8 Authentication failed
2026-08-24T11:28:01.115Z [INFO] Google Sheets sync complete: updated=1844 inserted=99
2026-08-24T11:28:01.121Z [INFO] total_orgs_in_csv=583
2026-08-24T11:28:01.121Z [INFO] eligible_orgs_count=458
2026-08-24T11:28:01.121Z [INFO] unique_jobs_url_groups_count=447
2026-08-24T11:28:01.121Z [INFO] jobs_url_group_max_size=4
2026-08-24T11:28:01.121Z [INFO] groups_scraped_count=324
2026-08-24T11:28:01.122Z [INFO] groups_skipped_unreachable_count=123
2026-08-24T11:28:01.122Z [INFO] orgs_skipped_low_confidence_count=125
2026-08-24T11:28:01.122Z [INFO] url_repair_attempted_count=447
2026-08-24T11:28:01.122Z [INFO] url_repair_success_count=11
2026-08-24T11:28:01.122Z [INFO] extra_attribution_associations_count=10
2026-08-24T11:28:01.122Z [INFO] new_postings_count=99
2026-08-24T11:28:01.122Z [INFO] email_sent=false
2026-08-24T11:28:01.144Z === Weekly run finished 2026-08-24T11:28:01.144Z ===
