2026-09-07T13:23:11.120Z === Weekly run started 2026-09-07T13:23:11.120Z ===
2026-09-07T13:23:11.191Z [INFO] run_id=26
2026-09-07T13:23:11.191Z [INFO] eligible_orgs=442
2026-09-07T13:23:11.191Z [INFO] unique_jobs_url_groups=431
2026-09-07T13:24:43.735Z [WARN] URL unreachable after repair attempts: http://nalgonawil.com/opportunities-tenders
2026-09-07T13:24:46.390Z [WARN] URL repaired: http://www.algonquinhighlands.ca/municipal-services/employment-and-volunteer-opportunities -> https://www.algonquinhighlands.ca/municipal-services/employment-and-volunteer-opportunities
2026-09-07T13:24:48.437Z [WARN] URL repaired: http://www.bayham.on.ca/municipal-office/career-opportunities -> https://www.bayham.on.ca/municipal-office/career-opportunities
2026-09-07T13:26:51.708Z [WARN] URL unreachable after repair attempts: http://www.bnafn.ca/employment-opportunities
2026-09-07T13:26:53.161Z [WARN] URL repaired: http://www.hbmtwp.ca/township-services/careers-and-volunteering -> https://www.hbmtwp.ca/township-services/careers-and-volunteering
2026-09-07T13:30:02.969Z [WARN] URL unreachable after repair attempts: http://www.hearst.ca/en/residents/foyer-des-pionniers/employment-opportunities
2026-09-07T13:30:04.410Z [WARN] URL repaired: http://www.kapuskasing.ca/council-administration/employment-opportunities -> https://www.kapuskasing.ca/council-administration/employment-opportunities
2026-09-07T13:30:09.607Z [WARN] URL repaired: http://www.stirling-rawdon.com/business-development/careers -> https://www.stirling-rawdon.com/business-development/careers
2026-09-07T13:30:11.676Z [WARN] URL repaired: http://www.twpbrm.ca/your-township-government/employment-opportunities -> https://www.twpbrm.ca/your-township-government/employment-opportunities
2026-09-07T13:30:13.480Z [WARN] URL repaired: http://www.uccmm.ca/employment-opportunities.html -> https://www.uccmm.ca/employment-opportunities.html
2026-09-07T13:33:22.617Z [WARN] URL unreachable after repair attempts: https://adjtos.ca/municipal-government/employment-opportunities
2026-09-07T13:35:15.501Z [WARN] URL unreachable after repair attempts: https://admastonbromley.com/employment-opportunities-tenders
2026-09-07T13:36:58.254Z [WARN] URL unreachable after repair attempts: https://alberton.ca/employment
2026-09-07T13:38:41.133Z [WARN] URL unreachable after repair attempts: https://alderville.ca/employment-opportunities
2026-09-07T13:40:23.876Z [WARN] URL unreachable after repair attempts: https://apitipi.ca/employment
2026-09-07T13:42:05.404Z [WARN] URL unreachable after repair attempts: https://atikamekshenganishnawbek.ca/employment-tenders
2026-09-07T13:44:38.677Z [WARN] URL unreachable after repair attempts: https://attawapiskat.org/careers
2026-09-07T13:46:20.940Z [WARN] URL unreachable after repair attempts: https://augusta.ca/employment
2026-09-07T13:48:03.047Z [WARN] URL unreachable after repair attempts: https://aylmer.ca/town-hall/employment-opportunities
2026-09-07T13:49:47.669Z [WARN] URL unreachable after repair attempts: https://blrtownship.ca/article/employment
2026-09-07T13:51:29.067Z [WARN] URL unreachable after repair attempts: https://brockville.com/careers
2026-09-07T13:53:10.820Z [WARN] URL unreachable after repair attempts: https://brucemines.ca/government/employment-opportunities
2026-09-07T13:55:01.196Z [WARN] URL unreachable after repair attempts: https://casey.ca/2025/12/03/job-opportunity-road-superintendent
2026-09-07T13:56:42.013Z [WARN] URL unreachable after repair attempts: https://chapleau.ca/business/resources/employment-volunteer-opportunities
2026-09-07T13:58:30.302Z [WARN] URL unreachable after repair attempts: https://chapleaucree.ca/employment-opportunities
2026-09-07T14:00:11.771Z [WARN] URL unreachable after repair attempts: https://chapple.on.ca/employment
2026-09-07T14:01:31.706Z [WARN] URL unreachable after repair attempts: https://chatsworth.ca/government/employment-opportunities
2026-09-07T14:03:12.957Z [WARN] URL unreachable after repair attempts: https://cobalt.ca/residents/municipal-services/employment-opportunities
2026-09-07T14:04:54.462Z [WARN] URL unreachable after repair attempts: https://cochraneontario.com/living/employment-opportunities
2026-09-07T14:08:01.265Z [WARN] URL unreachable after repair attempts: https://cottfn.com/departments/employment-and-training
2026-09-07T14:09:52.915Z [WARN] URL unreachable after repair attempts: https://dokis.ca/employment-services
2026-09-07T14:11:42.414Z [WARN] URL unreachable after repair attempts: https://dubreuilville.ca/township/employment-opportunities
2026-09-07T14:14:16.313Z [WARN] URL unreachable after repair attempts: https://eaglelakefn.ca/employment
2026-09-07T14:14:21.712Z [WARN] URL unreachable after repair attempts: https://ear-falls.com/business/employment
2026-09-07T14:16:04.719Z [WARN] URL unreachable after repair attempts: https://emo.ca/tenders-careers
2026-09-07T14:17:56.562Z [WARN] URL unreachable after repair attempts: https://fwfn.com/employment
2026-09-07T14:18:52.756Z [WARN] URL unreachable after repair attempts: https://guelph.ca/employment-careers/careers-jobs
2026-09-07T14:22:04.782Z [WARN] URL unreachable after repair attempts: https://huronshores.ca/business/employment
2026-09-07T14:23:54.769Z [WARN] URL unreachable after repair attempts: https://jocelyn.ca/township-office/employment-opportunities
2026-09-07T14:25:37.100Z [WARN] URL unreachable after repair attempts: https://kettlepoint.org/four-winds-community-employment-services
2026-09-07T14:27:23.422Z [WARN] URL unreachable after repair attempts: https://lairdtownship.ca/employment-opportunities
2026-09-07T14:29:40.110Z [WARN] URL unreachable after repair attempts: https://markstay-warren.ca/municipal-services/career-opportunities
2026-09-07T14:31:38.305Z [WARN] URL unreachable after repair attempts: https://mchigeeng.ca/employment
2026-09-07T14:33:24.271Z [WARN] URL unreachable after repair attempts: https://melancthontownship.ca/municipal-services/employment-opportunity
2026-09-07T14:37:58.036Z [WARN] URL unreachable after repair attempts: https://michipicoten.com/aboriginal-job-opportunities
2026-09-07T14:39:53.755Z [WARN] URL unreachable after repair attempts: https://mishkeegogamang.ca/services/education
2026-09-07T14:41:37.611Z [WARN] URL unreachable after repair attempts: https://mncfn.ca/departments/employment-training-2
2026-09-07T14:43:27.659Z [WARN] URL unreachable after repair attempts: https://nairncentre.ca/municipal-services/job-opportunities
2026-09-07T14:45:09.657Z [WARN] URL unreachable after repair attempts: https://nawash.ca/employment
2026-09-07T14:46:50.246Z [WARN] URL unreachable after repair attempts: https://neskantaga.com/employment
2026-09-07T14:47:53.586Z [WARN] URL unreachable after repair attempts: https://nigigoonsiminikaaning.ca/category/employment
2026-09-07T14:49:38.706Z [WARN] URL unreachable after repair attempts: https://petawawa.ca/town-hall/employment-opportunities
2026-09-07T14:51:29.369Z [WARN] URL unreachable after repair attempts: https://plummertownship.ca/township-office/employment-opportunities
2026-09-07T14:53:14.060Z [WARN] URL unreachable after repair attempts: https://ppfn.ca/careers
2026-09-07T14:54:21.742Z [WARN] URL unreachable after repair attempts: https://puslinch.ca/doing-business/careers
2026-09-07T14:56:05.145Z [WARN] URL unreachable after repair attempts: https://rainyriverfirstnations.com/careers
2026-09-07T14:57:55.121Z [WARN] URL unreachable after repair attempts: https://redrocktownship.com/community/employment-opportunities
2026-09-07T15:02:49.331Z [WARN] URL unreachable after repair attempts: https://saugeenfirstnation.com/employment-opportunities
2026-09-07T15:04:31.663Z [WARN] URL unreachable after repair attempts: https://saultstemarie.ca/live/fire-services/firefighter-recruitment
2026-09-07T15:06:19.618Z [WARN] URL unreachable after repair attempts: https://serpentriverfn.com/employment-opportunites/job_postings
2026-09-07T15:09:07.708Z [WARN] URL unreachable after repair attempts: https://sheguiandahfn.ca/employment
2026-09-07T15:10:51.825Z [WARN] URL unreachable after repair attempts: https://smoothrockfalls.ca/living/employment
2026-09-07T15:12:34.366Z [WARN] URL unreachable after repair attempts: https://stjosephtownship.com/jobs
2026-09-07T15:14:17.823Z [WARN] URL unreachable after repair attempts: https://tarbutt.ca/2026/08/25/current-job-posting-cao-clerk-deputy-treasurer
2026-09-07T15:16:01.073Z [WARN] URL unreachable after repair attempts: https://taykwatagamou.com/about/careers
2026-09-07T15:18:08.891Z [WARN] URL unreachable after repair attempts: https://temagamifirstnation.ca/employment
2026-09-07T15:20:16.729Z [WARN] URL unreachable after repair attempts: https://thessalon.ca/council-and-government/employment-opportunities
2026-09-07T15:21:59.550Z [WARN] URL unreachable after repair attempts: https://town.petrolia.on.ca/town-hall/employment
2026-09-07T15:23:44.800Z [WARN] URL unreachable after repair attempts: https://townshipofhilliard.ca/municipal-government/rfqs-and-rfps
2026-09-07T15:25:48.643Z [WARN] URL unreachable after repair attempts: https://townshipofperry.ca/employment-opportunities
2026-09-07T15:27:31.944Z [WARN] URL unreachable after repair attempts: https://townshipofthenorthshore.ca/governing/employment
2026-09-07T15:32:54.038Z [WARN] URL unreachable after repair attempts: https://valharty.ca/municipality/careers
2026-09-07T15:34:37.954Z [WARN] URL unreachable after repair attempts: https://wabaseemoong.ca/ontario-works-employment-experience-program-opportunities
2026-09-07T15:36:20.796Z [WARN] URL unreachable after repair attempts: https://wasauksing.ca/employment-opportunities
2026-09-07T15:38:21.769Z [WARN] URL unreachable after repair attempts: https://www.aamjiwnaang.ca/employment-opportunities-3
2026-09-07T15:40:51.282Z [WARN] URL unreachable after repair attempts: https://www.akrc.on.ca/category/employment
2026-09-07T15:43:18.431Z [WARN] URL unreachable after repair attempts: https://www.centralfrontenac.com/township-office/employment-and-volunteering
2026-09-07T15:43:54.870Z [WARN] URL unreachable after repair attempts: https://www.dnetownship.ca/township-services/employment
2026-09-07T15:45:48.080Z [WARN] URL unreachable after repair attempts: https://www.elgincounty.ca/living-here/careers
2026-09-07T15:46:14.909Z [WARN] URL unreachable after repair attempts: https://www.fauquierstrickland.com/avis/employment-opportunity-caoclerk
2026-09-07T15:48:02.771Z [WARN] URL unreachable after repair attempts: https://www.frontenaccounty.ca/government/careers
2026-09-07T15:49:46.763Z [WARN] URL unreachable after repair attempts: https://www.gardenriver.org/site/category/employment
2026-09-07T15:53:08.554Z [WARN] URL unreachable after repair attempts: https://www.hiawathafirstnation.com/services-departments/employment
2026-09-07T15:55:01.156Z [WARN] URL unreachable after repair attempts: https://www.hiltontownship.ca/job-postings
2026-09-07T15:57:00.287Z [WARN] URL unreachable after repair attempts: https://www.huroncounty.ca/jobs
2026-09-07T15:57:05.983Z [WARN] URL unreachable after repair attempts: https://www.ignace.ca/residents/community/volunteer-opportunities
2026-09-07T15:57:38.189Z [WARN] URL unreachable after repair attempts: https://www.lambtononline.ca/en/resident-services/employment-services.aspx
2026-09-07T15:59:25.334Z [WARN] URL unreachable after repair attempts: https://www.larderlake.ca/municipal-services/careers
2026-09-07T15:59:50.579Z [WARN] URL unreachable after repair attempts: https://www.lincoln.ca/careers-volunteering-0
2026-09-07T16:01:49.779Z [WARN] URL unreachable after repair attempts: https://www.magfn.com/careers
2026-09-07T16:03:45.304Z [WARN] URL unreachable after repair attempts: https://www.meaford.ca/economic-profile
2026-09-07T16:03:47.600Z [WARN] URL unreachable after repair attempts: https://www.merrickville-wolford.ca/governance/career-opportunities
2026-09-07T16:05:35.593Z [WARN] URL unreachable after repair attempts: https://www.mississauga.ca/our-organization/jobs-and-volunteer
2026-09-07T16:05:40.160Z [WARN] URL unreachable after repair attempts: https://www.montaguetownship.ca/government/media-centre/employment-opportunities
2026-09-07T16:07:31.024Z [WARN] URL unreachable after repair attempts: https://www.moosonee.ca/careers
2026-09-07T16:07:34.471Z [WARN] URL unreachable after repair attempts: https://www.municipalityofkillarney.ca/municipal-services/job-opportunities
2026-09-07T16:07:45.168Z [WARN] URL unreachable after repair attempts: https://www.nipigon.net/invest-grow/business-development/employment-opportunities
2026-09-07T16:10:02.935Z [WARN] URL unreachable after repair attempts: https://www.northgrenville.ca/careers
2026-09-07T16:11:54.166Z [WARN] URL unreachable after repair attempts: https://www.oakville.ca/town-hall/careers
2026-09-07T16:14:07.011Z [WARN] URL unreachable after repair attempts: https://www.oconnortownship.ca/careers
2026-09-07T16:14:47.099Z [WARN] URL unreachable after repair attempts: https://www.pelee.org/municipality/employment
2026-09-07T16:15:13.976Z [WARN] URL unreachable after repair attempts: https://www.rideaulakes.ca/town-hall/services/employment-opportunities
2026-09-07T16:17:08.105Z [WARN] URL unreachable after repair attempts: https://www.shibogama.on.ca/jobs
2026-09-07T16:18:53.893Z [WARN] URL unreachable after repair attempts: https://www.shuniah.org/documents/employment
2026-09-07T16:20:22.546Z [WARN] URL unreachable after repair attempts: https://www.sixnations.ca/careers
2026-09-07T16:22:05.970Z [WARN] URL unreachable after repair attempts: https://www.southalgonquin.ca/article/employment
2026-09-07T16:26:38.739Z [WARN] URL unreachable after repair attempts: https://www.terracebay.ca/living-here/community/employment-opportunities
2026-09-07T16:28:26.358Z [WARN] URL unreachable after repair attempts: https://www.thecounty.ca/residents/employment
2026-09-07T16:30:13.843Z [WARN] URL unreachable after repair attempts: https://www.toronto.ca/community-people/employment-social-support
2026-09-07T16:32:02.186Z [WARN] URL unreachable after repair attempts: https://www.townofspanish.com/town-hall/employment-and-volunteer-opportunites
2026-09-07T16:34:51.283Z [WARN] URL unreachable after repair attempts: https://www.wabuntribalcouncil.ca/careers
2026-09-07T16:36:48.163Z [WARN] URL unreachable after repair attempts: https://www.wiikwemkoong.ca/employment-opportunities-for-college-university-students
2026-09-07T16:36:56.078Z [WARN] Email send failed: Error: Invalid login: 535 5.7.8 Authentication failed
2026-09-07T16:37:01.822Z [INFO] Google Sheets sync complete: updated=1802 inserted=189
2026-09-07T16:37:01.829Z [INFO] total_orgs_in_csv=583
2026-09-07T16:37:01.829Z [INFO] eligible_orgs_count=442
2026-09-07T16:37:01.829Z [INFO] unique_jobs_url_groups_count=431
2026-09-07T16:37:01.829Z [INFO] jobs_url_group_max_size=4
2026-09-07T16:37:01.830Z [INFO] groups_scraped_count=326
2026-09-07T16:37:01.830Z [INFO] groups_skipped_unreachable_count=105
2026-09-07T16:37:01.830Z [INFO] orgs_skipped_low_confidence_count=141
2026-09-07T16:37:01.830Z [INFO] url_repair_attempted_count=431
2026-09-07T16:37:01.830Z [INFO] url_repair_success_count=7
2026-09-07T16:37:01.830Z [INFO] extra_attribution_associations_count=10
2026-09-07T16:37:01.830Z [INFO] new_postings_count=194
2026-09-07T16:37:01.830Z [INFO] email_sent=false
2026-09-07T16:37:01.853Z === Weekly run finished 2026-09-07T16:37:01.853Z ===
